Component: ARM Compiler 5.05 update 1 (build 106) Tool: armlink [4d0efa]

==============================================================================

Section Cross References

    startup_stm32f103xe.o(STACK) refers (Special) to heapauxi.o(.text) for __use_two_region_memory
    startup_stm32f103xe.o(HEAP) refers (Special) to heapauxi.o(.text) for __use_two_region_memory
    startup_stm32f103xe.o(RESET) refers (Special) to heapauxi.o(.text) for __use_two_region_memory
    startup_stm32f103xe.o(RESET) refers to startup_stm32f103xe.o(STACK) for __initial_sp
    startup_stm32f103xe.o(RESET) refers to startup_stm32f103xe.o(.text) for Reset_Handler
    startup_stm32f103xe.o(RESET) refers to stm32f1xx_it.o(i.NMI_Handler) for NMI_Handler
    startup_stm32f103xe.o(RESET) refers to context_rvds.o(.text) for HardFault_Handler
    startup_stm32f103xe.o(RESET) refers to stm32f1xx_it.o(i.MemManage_Handler) for MemManage_Handler
    startup_stm32f103xe.o(RESET) refers to stm32f1xx_it.o(i.BusFault_Handler) for BusFault_Handler
    startup_stm32f103xe.o(RESET) refers to stm32f1xx_it.o(i.UsageFault_Handler) for UsageFault_Handler
    startup_stm32f103xe.o(RESET) refers to stm32f1xx_it.o(i.DebugMon_Handler) for DebugMon_Handler
    startup_stm32f103xe.o(RESET) refers to board.o(i.SysTick_Handler) for SysTick_Handler
    startup_stm32f103xe.o(.text) refers (Special) to heapauxi.o(.text) for __use_two_region_memory
    startup_stm32f103xe.o(.text) refers to system_stm32f1xx.o(i.SystemInit) for SystemInit
    startup_stm32f103xe.o(.text) refers to __main.o(!!!main) for __main
    startup_stm32f103xe.o(.text) refers to startup_stm32f103xe.o(HEAP) for Heap_Mem
    startup_stm32f103xe.o(.text) refers to startup_stm32f103xe.o(STACK) for Stack_Mem
    main.o(i.SystemClock_Config) refers to rt_memclr_w.o(.text) for __aeabi_memclr4
    main.o(i.SystemClock_Config) refers to stm32f1xx_hal_rcc.o(i.HAL_RCC_OscConfig) for HAL_RCC_OscConfig
    main.o(i.SystemClock_Config) refers to stm32f1xx_hal_rcc.o(i.HAL_RCC_ClockConfig) for HAL_RCC_ClockConfig
    main.o(i.main) refers to stm32f1xx_hal.o(i.HAL_Init) for HAL_Init
    main.o(i.main) refers to main.o(i.SystemClock_Config) for SystemClock_Config
    main.o(i.main) refers to stm32f1xx_hal_uart.o(i.HAL_UART_Init) for HAL_UART_Init
    main.o(i.main) refers to main.o(.bss) for .bss
    stm32f1xx_hal_msp.o(i.HAL_UART_MspDeInit) refers to stm32f1xx_hal_gpio.o(i.HAL_GPIO_DeInit) for HAL_GPIO_DeInit
    stm32f1xx_hal_msp.o(i.HAL_UART_MspInit) refers to stm32f1xx_hal_gpio.o(i.HAL_GPIO_Init) for HAL_GPIO_Init
    stm32f1xx_hal.o(i.HAL_DeInit) refers to stm32f1xx_hal.o(i.HAL_MspDeInit) for HAL_MspDeInit
    stm32f1xx_hal.o(i.HAL_Delay) refers to stm32f1xx_hal.o(i.HAL_GetTick) for HAL_GetTick
    stm32f1xx_hal.o(i.HAL_Delay) refers to stm32f1xx_hal.o(.data) for .data
    stm32f1xx_hal.o(i.HAL_GetTick) refers to stm32f1xx_hal.o(.data) for .data
    stm32f1xx_hal.o(i.HAL_GetTickFreq) refers to stm32f1xx_hal.o(.data) for .data
    stm32f1xx_hal.o(i.HAL_GetTickPrio) refers to stm32f1xx_hal.o(.data) for .data
    stm32f1xx_hal.o(i.HAL_IncTick) refers to stm32f1xx_hal.o(.data) for .data
    stm32f1xx_hal.o(i.HAL_Init) refers to stm32f1xx_hal_cortex.o(i.HAL_NVIC_SetPriorityGrouping) for HAL_NVIC_SetPriorityGrouping
    stm32f1xx_hal.o(i.HAL_Init) refers to stm32f1xx_hal.o(i.HAL_InitTick) for HAL_InitTick
    stm32f1xx_hal.o(i.HAL_Init) refers to stm32f1xx_hal_msp.o(i.HAL_MspInit) for HAL_MspInit
    stm32f1xx_hal.o(i.HAL_InitTick) refers to stm32f1xx_hal_cortex.o(i.HAL_SYSTICK_Config) for HAL_SYSTICK_Config
    stm32f1xx_hal.o(i.HAL_InitTick) refers to stm32f1xx_hal_cortex.o(i.HAL_NVIC_SetPriority) for HAL_NVIC_SetPriority
    stm32f1xx_hal.o(i.HAL_InitTick) refers to stm32f1xx_hal.o(.data) for .data
    stm32f1xx_hal.o(i.HAL_InitTick) refers to system_stm32f1xx.o(.data) for SystemCoreClock
    stm32f1xx_hal.o(i.HAL_SetTickFreq) refers to stm32f1xx_hal.o(i.HAL_InitTick) for HAL_InitTick
    stm32f1xx_hal.o(i.HAL_SetTickFreq) refers to stm32f1xx_hal.o(.data) for .data
    stm32f1xx_hal_rcc.o(i.HAL_RCC_ClockConfig) refers to stm32f1xx_hal.o(i.HAL_GetTick) for HAL_GetTick
    stm32f1xx_hal_rcc.o(i.HAL_RCC_ClockConfig) refers to stm32f1xx_hal_rcc.o(i.HAL_RCC_GetSysClockFreq) for HAL_RCC_GetSysClockFreq
    stm32f1xx_hal_rcc.o(i.HAL_RCC_ClockConfig) refers to stm32f1xx_hal.o(i.HAL_InitTick) for HAL_InitTick
    stm32f1xx_hal_rcc.o(i.HAL_RCC_ClockConfig) refers to system_stm32f1xx.o(.constdata) for AHBPrescTable
    stm32f1xx_hal_rcc.o(i.HAL_RCC_ClockConfig) refers to system_stm32f1xx.o(.data) for SystemCoreClock
    stm32f1xx_hal_rcc.o(i.HAL_RCC_ClockConfig) refers to stm32f1xx_hal.o(.data) for uwTickPrio
    stm32f1xx_hal_rcc.o(i.HAL_RCC_DeInit) refers to stm32f1xx_hal.o(i.HAL_GetTick) for HAL_GetTick
    stm32f1xx_hal_rcc.o(i.HAL_RCC_DeInit) refers to stm32f1xx_hal.o(i.HAL_InitTick) for HAL_InitTick
    stm32f1xx_hal_rcc.o(i.HAL_RCC_DeInit) refers to system_stm32f1xx.o(.data) for SystemCoreClock
[...]
    .text                                    0x08000618   Section        2  use_no_semi.o(.text)
    .text                                    0x0800061a   Section        0  indicate_semi.o(.text)
    i.$Sub$$main                             0x0800061a   Section        0  components.o(i.$Sub$$main)
    i.BusFault_Handler                       0x08000624   Section        0  stm32f1xx_it.o(i.BusFault_Handler)
    i.DebugMon_Handler                       0x08000626   Section        0  stm32f1xx_it.o(i.DebugMon_Handler)
    i.HAL_GPIO_Init                          0x08000628   Section        0  stm32f1xx_hal_gpio.o(i.HAL_GPIO_Init)
    i.HAL_GetTick                            0x08000820   Section        0  stm32f1xx_hal.o(i.HAL_GetTick)
    i.HAL_Init                               0x0800082c   Section        0  stm32f1xx_hal.o(i.HAL_Init)
    i.HAL_InitTick                           0x08000850   Section        0  stm32f1xx_hal.o(i.HAL_InitTick)
    i.HAL_MspInit                            0x08000890   Section        0  stm32f1xx_hal_msp.o(i.HAL_MspInit)
    i.HAL_NVIC_SetPriority                   0x080008cc   Section        0  stm32f1xx_hal_cortex.o(i.HAL_NVIC_SetPriority)
    i.HAL_NVIC_SetPriorityGrouping           0x0800090c   Section        0  stm32f1xx_hal_cortex.o(i.HAL_NVIC_SetPriorityGrouping)
    i.HAL_RCC_ClockConfig                    0x08000930   Section        0  stm32f1xx_hal_rcc.o(i.HAL_RCC_ClockConfig)
    i.HAL_RCC_GetHCLKFreq                    0x08000a5c   Section        0  stm32f1xx_hal_rcc.o(i.HAL_RCC_GetHCLKFreq)
    i.HAL_RCC_GetPCLK1Freq                   0x08000a68   Section        0  stm32f1xx_hal_rcc.o(i.HAL_RCC_GetPCLK1Freq)
    i.HAL_RCC_GetPCLK2Freq                   0x08000a88   Section        0  stm32f1xx_hal_rcc.o(i.HAL_RCC_GetPCLK2Freq)
    i.HAL_RCC_GetSysClockFreq                0x08000aa8   Section        0  stm32f1xx_hal_rcc.o(i.HAL_RCC_GetSysClockFreq)
    i.HAL_RCC_OscConfig                      0x08000af4   Section        0  stm32f1xx_hal_rcc.o(i.HAL_RCC_OscConfig)
    i.HAL_SYSTICK_Config                     0x08000e14   Section        0  stm32f1xx_hal_cortex.o(i.HAL_SYSTICK_Config)
    i.HAL_UART_Init                          0x08000e3c   Section        0  stm32f1xx_hal_uart.o(i.HAL_UART_Init)
    i.HAL_UART_MspInit                       0x08000ea0   Section        0  stm32f1xx_hal_msp.o(i.HAL_UART_MspInit)
    i.HAL_UART_Transmit                      0x08000f10   Section        0  stm32f1xx_hal_uart.o(i.HAL_UART_Transmit)
    i.MemManage_Handler                      0x08000fb0   Section        0  stm32f1xx_it.o(i.MemManage_Handler)
    i.NMI_Handler                            0x08000fb2   Section        0  stm32f1xx_it.o(i.NMI_Handler)
    i.SysTick_Handler                        0x08000fb4   Section        0  board.o(i.SysTick_Handler)
    i.SystemClock_Config                     0x08000fc6   Section        0  main.o(i.SystemClock_Config)
    i.SystemCoreClockUpdate                  0x08001018   Section        0  system_stm32f1xx.o(i.SystemCoreClockUpdate)
    i.SystemInit                             0x08001080   Section        0  system_stm32f1xx.o(i.SystemInit)
    i.UART_EndRxTransfer                     0x08001082   Section        0  stm32f1xx_hal_uart.o(i.UART_EndRxTransfer)
    UART_EndRxTransfer                       0x08001083   Thumb Code    78  stm32f1xx_hal_uart.o(i.UART_EndRxTransfer)
    i.UART_SetConfig                         0x080010d0   Section        0  stm32f1xx_hal_uart.o(i.UART_SetConfig)
    UART_SetConfig                           0x080010d1   Thumb Code   178  stm32f1xx_hal_uart.o(i.UART_SetConfig)
    i.UART_WaitOnFlagUntilTimeout            0x08001188   Section        0  stm32f1xx_hal_uart.o(i.UART_WaitOnFlagUntilTimeout)
    UART_WaitOnFlagUntilTimeout              0x08001189   Thumb Code   114  stm32f1xx_hal_uart.o(i.UART_WaitOnFlagUntilTimeout)
    i.UsageFault_Handler                     0x080011fa   Section        0  stm32f1xx_it.o(i.UsageFault_Handler)
    i.__NVIC_SetPriority                     0x080011fc   Section        0  stm32f1xx_hal_cortex.o(i.__NVIC_SetPriority)
    __NVIC_SetPriority                       0x080011fd   Thumb Code    32  stm32f1xx_hal_cortex.o(i.__NVIC_SetPriority)
    i.__rt_ffs                               0x0800121c   Section        0  kservice.o(i.__rt_ffs)
    i._msh_exec_cmd                          0x08001260   Section        0  msh.o(i._msh_exec_cmd)
    _msh_exec_cmd                            0x08001261   Thumb Code   120  msh.o(i._msh_exec_cmd)
    i._scheduler_get_highest_priority_thread 0x080012e0   Section        0  scheduler.o(i._scheduler_get_highest_priority_thread)
    _scheduler_get_highest_priority_thread   0x080012e1   Thumb Code    28  scheduler.o(i._scheduler_get_highest_priority_thread)
    i._thread_exit                           0x08001304   Section        0  thread.o(i._thread_exit)
    _thread_exit                             0x08001305   Thumb Code    52  thread.o(i._thread_exit)
    i._thread_init                           0x0800133c   Section        0  thread.o(i._thread_init)
    _thread_init                             0x0800133d   Thumb Code   106  thread.o(i._thread_init)
    i._thread_timeout                        0x080013b0   Section        0  thread.o(i._thread_timeout)
    _thread_timeout                          0x080013b1   Thumb Code    44  thread.o(i._thread_timeout)
    i._timer_remove                          0x080013dc   Section        0  timer.o(i._timer_remove)
    _timer_remove                            0x080013dd   Thumb Code     6  timer.o(i._timer_remove)
    i.bus_fault_track                        0x080013e4   Section        0  cpuport.o(i.bus_fault_track)
    bus_fault_track                          0x080013e5   Thumb Code   110  cpuport.o(i.bus_fault_track)
    i.clear                                  0x080014cc   Section        0  cmd.o(i.clear)
    clear                                    0x080014cd   Thumb Code    12  cmd.o(i.clear)
    i.cmd_list                               0x080014e0   Section        0  cmd.o(i.cmd_list)
    i.finsh_get_prompt                       0x080015cc   Section        0  shell.o(i.finsh_get_prompt)
    i.finsh_set_prompt_mode                  0x08001618   Section        0  shell.o(i.finsh_set_prompt_mode)
    i.finsh_system_function_init             0x0800162c   Section        0  shell.o(i.finsh_system_function_init)
    i.finsh_system_init                      0x08001638   Section        0  shell.o(i.finsh_system_init)
    i.finsh_thread_entry                     0x080016b0   Section        0  shell.o(i.finsh_thread_entry)
    i.hard_fault_track                       0x0800192c   Section        0  cpuport.o(i.hard_fault_track)
    hard_fault_track                         0x0800192d   Thumb Code    76  cpuport.o(i.hard_fault_track)
    i.list_find_init                         0x080019a4   Section        0  cmd.o(i.list_find_init)
    list_find_init                           0x080019a5   Thumb Code    36  cmd.o(i.list_find_init)
    i.list_get_next                          0x080019c8   Section        0  cmd.o(i.list_get_next)
    list_get_next                            0x080019c9   Thumb Code   102  cmd.o(i.list_get_next)
    i.list_sem                               0x08001a30   Section        0  cmd.o(i.list_sem)
    i.list_thread                            0x08001b74   Section        0  cmd.o(i.list_thread)
    i.list_timer                             0x08001d30   Section        0  cmd.o(i.list_timer)
    i.main                                   0x08001eb4   Section        0  main.o(i.main)
    i.main_thread_entry                      0x08001f04   Section        0  components.o(i.main_thread_entry)
    i.mem_manage_fault_track                 0x08001f14   Section        0  cpuport.o(i.mem_manage_fault_track)
    mem_manage_fault_track                   0x08001f15   Thumb Code    98  cpuport.o(i.mem_manage_fault_track)
    i.msh_auto_complete                      0x08001fec   Section        0  msh.o(i.msh_auto_complete)
    i.msh_exec                               0x08002080   Section        0  msh.o(i.msh_exec)
    i.msh_help                               0x080020e4   Section        0  msh.o(i.msh_help)
    i.msh_split                              0x08002144   Section        0  msh.o(i.msh_split)
    msh_split                                0x08002145   Thumb Code   172  msh.o(i.msh_split)
    i.object_split                           0x08002214   Section        0  cmd.o(i.object_split)
    object_split                             0x08002215   Thumb Code    18  cmd.o(i.object_split)
    i.print_number                           0x0800222c   Section        0  kservice.o(i.print_number)
    print_number                             0x0800222d   Thumb Code   300  kservice.o(i.print_number)
    i.reboot                                 0x0800235c   Section        0  board.o(i.reboot)
    reboot                                   0x0800235d   Thumb Code     4  board.o(i.reboot)
    i.rt_application_init                    0x08002360   Section        0  components.o(i.rt_application_init)
    i.rt_components_board_init               0x0800239c   Section        0  components.o(i.rt_components_board_init)
    i.rt_components_init                     0x080023b8   Section        0  components.o(i.rt_components_init)
    i.rt_enter_critical                      0x080023d4   Section        0  scheduler.o(i.rt_enter_critical)
    i.rt_exit_critical                       0x080023f0   Section        0  scheduler.o(i.rt_exit_critical)
    i.rt_hw_board_init                       0x08002428   Section        0  board.o(i.rt_hw_board_init)
    i.rt_hw_console_getchar                  0x08002450   Section        0  board.o(i.rt_hw_console_getchar)
    i.rt_hw_console_output                   0x08002478   Section        0  board.o(i.rt_hw_console_output)
    i.rt_hw_cpu_reset                        0x080024c0   Section        0  cpuport.o(i.rt_hw_cpu_reset)
    i.rt_hw_hard_fault_exception             0x080024d0   Section        0  cpuport.o(i.rt_hw_hard_fault_exception)
    i.rt_hw_stack_init                       0x080026c8   Section        0  cpuport.o(i.rt_hw_stack_init)
    i.rt_interrupt_enter                     0x08002700   Section        0  irq.o(i.rt_interrupt_enter)
    i.rt_interrupt_leave                     0x0800271c   Section        0  irq.o(i.rt_interrupt_leave)
    i.rt_kprintf                             0x08002738   Section        0  kservice.o(i.rt_kprintf)
    i.rt_list_insert_after                   0x08002764   Section        0  timer.o(i.rt_list_insert_after)
    rt_list_insert_after                     0x08002765   Thumb Code    14  timer.o(i.rt_list_insert_after)
    i.rt_list_len                            0x08002772   Section        0  cmd.o(i.rt_list_len)
    rt_list_len                              0x08002773   Thumb Code    18  cmd.o(i.rt_list_len)
    i.rt_list_remove                         0x08002784   Section        0  thread.o(i.rt_list_remove)
    rt_list_remove                           0x08002785   Thumb Code    18  thread.o(i.rt_list_remove)
    i.rt_list_remove                         0x08002796   Section        0  timer.o(i.rt_list_remove)
    rt_list_remove                           0x08002797   Thumb Code    18  timer.o(i.rt_list_remove)
    i.rt_memcpy                              0x080027a8   Section        0  kservice.o(i.rt_memcpy)
    i.rt_memmove                             0x080027f4   Section        0  kservice.o(i.rt_memmove)
    i.rt_memset                              0x08002828   Section        0  kservice.o(i.rt_memset)
    i.rt_object_detach                       0x0800286e   Section        0  object.o(i.rt_object_detach)
    i.rt_object_get_information              0x08002894   Section        0  object.o(i.rt_object_get_information)
    i.rt_object_init                         0x080028b8   Section        0  object.o(i.rt_object_init)
    i.rt_object_is_systemobject              0x0800290a   Section        0  object.o(i.rt_object_is_systemobject)
    i.rt_schedule                            0x08002918   Section        0  scheduler.o(i.rt_schedule)
    i.rt_schedule_insert_thread              0x080029d0   Section        0  scheduler.o(i.rt_schedule_insert_thread)
    i.rt_schedule_remove_thread              0x08002a44   Section        0  scheduler.o(i.rt_schedule_remove_thread)
    i.rt_sem_init                            0x08002a8c   Section        0  ipc.o(i.rt_sem_init)
    i.rt_show_version                        0x08002ab0   Section        0  kservice.o(i.rt_show_version)
    i.rt_sprintf                             0x08002b74   Section        0  kservice.o(i.rt_sprintf)
    i.rt_strerror                            0x08002b88   Section        0  kservice.o(i.rt_strerror)
    i.rt_strlen                              0x08002ba4   Section        0  kservice.o(i.rt_strlen)
    i.rt_strncpy                             0x08002bb4   Section        0  kservice.o(i.rt_strncpy)
    i.rt_system_scheduler_init               0x08002bdc   Section        0  scheduler.o(i.rt_system_scheduler_init)
    i.rt_system_scheduler_start              0x08002c04   Section        0  scheduler.o(i.rt_system_scheduler_start)
    i.rt_system_timer_init                   0x08002c2c   Section        0  timer.o(i.rt_system_timer_init)
    i.rt_system_timer_thread_init            0x08002c38   Section        0  timer.o(i.rt_system_timer_thread_init)
    i.rt_thread_defunct_dequeue              0x08002c3c   Section        0  idle.o(i.rt_thread_defunct_dequeue)
    i.rt_thread_defunct_enqueue              0x08002c6c   Section        0  idle.o(i.rt_thread_defunct_enqueue)
    i.rt_thread_idle_entry                   0x08002c84   Section        0  idle.o(i.rt_thread_idle_entry)
    rt_thread_idle_entry                     0x08002c85   Thumb Code    34  idle.o(i.rt_thread_idle_entry)
    i.rt_thread_idle_init                    0x08002ca8   Section        0  idle.o(i.rt_thread_idle_init)
    i.rt_thread_init                         0x08002cec   Section        0  thread.o(i.rt_thread_init)
    i.rt_thread_mdelay                       0x08002d1c   Section        0  thread.o(i.rt_thread_mdelay)
    i.rt_thread_resume                       0x08002d2a   Section        0  thread.o(i.rt_thread_resume)
    i.rt_thread_self                         0x08002d68   Section        0  thread.o(i.rt_thread_self)
    i.rt_thread_sleep                        0x08002d74   Section        0  thread.o(i.rt_thread_sleep)
    i.rt_thread_startup                      0x08002db8   Section        0  thread.o(i.rt_thread_startup)
    i.rt_thread_suspend                      0x08002de0   Section        0  thread.o(i.rt_thread_suspend)
    i.rt_tick_from_millisecond               0x08002e26   Section        0  clock.o(i.rt_tick_from_millisecond)
    i.rt_tick_get                            0x08002e58   Section        0  clock.o(i.rt_tick_get)
    i.rt_tick_increase                       0x08002e64   Section        0  clock.o(i.rt_tick_increase)
    i.rt_timer_check                         0x08002eac   Section        0  timer.o(i.rt_timer_check)
    i.rt_timer_control                       0x08002f38   Section        0  timer.o(i.rt_timer_control)
    i.rt_timer_detach                        0x08002f84   Section        0  timer.o(i.rt_timer_detach)
    i.rt_timer_init                          0x08002fac   Section        0  timer.o(i.rt_timer_init)
    i.rt_timer_start                         0x08002fdc   Section        0  timer.o(i.rt_timer_start)
    i.rt_timer_stop                          0x08003060   Section        0  timer.o(i.rt_timer_stop)
    i.rt_vsnprintf                           0x08003090   Section        0  kservice.o(i.rt_vsnprintf)
    i.rt_vsprintf                            0x08003314   Section        0  kservice.o(i.rt_vsprintf)
    i.rti_board_end                          0x08003324   Section        0  components.o(i.rti_board_end)
    rti_board_end                            0x08003325   Thumb Code     4  components.o(i.rti_board_end)
    i.rti_board_start                        0x08003328   Section        0  components.o(i.rti_board_start)
    rti_board_start                          0x08003329   Thumb Code     4  components.o(i.rti_board_start)
    i.rti_end                                0x0800332c   Section        0  components.o(i.rti_end)
    rti_end                                  0x0800332d   Thumb Code     4  components.o(i.rti_end)
    i.rti_start                              0x08003330   Section        0  components.o(i.rti_start)
    rti_start                                0x08003331   Thumb Code     4  components.o(i.rti_start)
    i.rtthread_startup                       0x08003334   Section        0  components.o(i.rtthread_startup)
    i.skip_atoi                              0x0800335e   Section        0  kservice.o(i.skip_atoi)
    skip_atoi                                0x0800335f   Thumb Code    40  kservice.o(i.skip_atoi)
    i.uart_init                              0x08003388   Section        0  board.o(i.uart_init)
    uart_init                                0x08003389   Thumb Code    42  board.o(i.uart_init)
    i.usage_fault_track                      0x080033bc   Section        0  cpuport.o(i.usage_fault_track)
    usage_fault_track                        0x080033bd   Thumb Code   100  cpuport.o(i.usage_fault_track)
    i.version                                0x0800348c   Section        0  cmd.o(i.version)
    .constdata                               0x08003496   Section       18  stm32f1xx_hal_rcc.o(.constdata)
    aPredivFactorTable                       0x08003496   Data           2  stm32f1xx_hal_rcc.o(.constdata)
    aPLLMULFactorTable                       0x08003498   Data          16  stm32f1xx_hal_rcc.o(.constdata)
    .constdata                               0x080034a8   Section       16  system_stm32f1xx.o(.constdata)
    .constdata                               0x080034b8   Section        8  system_stm32f1xx.o(.constdata)
    .constdata                               0x080034c0   Section      290  kservice.o(.constdata)
    small_digits                             0x080035c0   Data          17  kservice.o(.constdata)
    large_digits                             0x080035d1   Data          17  kservice.o(.constdata)
    .conststring                             0x080035e4   Section       68  cmd.o(.conststring)
    .conststring                             0x08003628   Section       88  kservice.o(.conststring)
    .rodata.name                             0x08003680   Section        6  cmd.o(.rodata.name)
    .rodata.name                             0x08003686   Section       26  cmd.o(.rodata.name)
    .rodata.name                             0x080036a0   Section        8  cmd.o(.rodata.name)
    .rodata.name                             0x080036a8   Section       35  cmd.o(.rodata.name)
    .rodata.name                             0x080036cb   Section       12  cmd.o(.rodata.name)
    .rodata.name                             0x080036d7   Section       12  cmd.o(.rodata.name)
    .rodata.name                             0x080036e3   Section        9  cmd.o(.rodata.name)
    .rodata.name                             0x080036ec   Section       25  cmd.o(.rodata.name)
    .rodata.name                             0x08003705   Section       11  cmd.o(.rodata.name)
    .rodata.name                             0x08003710   Section       21  cmd.o(.rodata.name)
    .rodata.name                             0x08003725   Section        5  cmd.o(.rodata.name)
    .rodata.name                             0x0800372a   Section       13  cmd.o(.rodata.name)
    .rodata.name                             0x08003737   Section        5  msh.o(.rodata.name)
    .rodata.name                             0x0800373c   Section       22  msh.o(.rodata.name)
    .rodata.name                             0x08003752   Section        7  board.o(.rodata.name)
    .rodata.name                             0x08003759   Section       14  board.o(.rodata.name)
    .rti_fn.0                                0x08003768   Section        4  components.o(.rti_fn.0)
    __tagsym$$used                           0x08003768   Number         0  components.o(.rti_fn.0)
    .rti_fn.0.end                            0x0800376c   Section        4  components.o(.rti_fn.0.end)
    __tagsym$$used                           0x0800376c   Number         0  components.o(.rti_fn.0.end)
    .rti_fn.1                                0x08003770   Section        4  board.o(.rti_fn.1)
    __tagsym$$used                           0x08003770   Number         0  board.o(.rti_fn.1)
    .rti_fn.1.end                            0x08003774   Section        4  components.o(.rti_fn.1.end)
    __tagsym$$used                           0x08003774   Number         0  components.o(.rti_fn.1.end)
    .rti_fn.6                                0x08003778   Section        4  shell.o(.rti_fn.6)
    __tagsym$$used                           0x08003778   Number         0  shell.o(.rti_fn.6)
    .rti_fn.6.end                            0x0800377c   Section        4  components.o(.rti_fn.6.end)
    __tagsym$$used                           0x0800377c   Number         0  components.o(.rti_fn.6.end)
    FSymTab                                  0x08003780   Section       72  cmd.o(FSymTab)
    __tagsym$$used                           0x08003780   Number         0  cmd.o(FSymTab)
    __tagsym$$used                           0x0800378c   Number         0  cmd.o(FSymTab)
    __tagsym$$used                           0x08003798   Number         0  cmd.o(FSymTab)
    __tagsym$$used                           0x080037a4   Number         0  cmd.o(FSymTab)
    __tagsym$$used                           0x080037b0   Number         0  cmd.o(FSymTab)
    __tagsym$$used                           0x080037bc   Number         0  cmd.o(FSymTab)
    FSymTab                                  0x080037c8   Section       12  msh.o(FSymTab)
    __tagsym$$used                           0x080037c8   Number         0  msh.o(FSymTab)
    FSymTab                                  0x080037d4   Section       12  board.o(FSymTab)
    __tagsym$$used                           0x080037d4   Number         0  board.o(FSymTab)
    .data                                    0x20000000   Section       12  stm32f1xx_hal.o(.data)
    .data                                    0x2000000c   Section        4  system_stm32f1xx.o(.data)
    .data                                    0x20000010   Section       16  shell.o(.data)
    finsh_prompt_custom                      0x20000018   Data           4  shell.o(.data)
    .data                                    0x20000020   Section        4  cpuport.o(.data)
    rt_exception_hook                        0x20000020   Data           4  cpuport.o(.data)
    .data                                    0x20000024   Section        4  cpuport.o(.data)
    .data                                    0x20000028   Section        4  cpuport.o(.data)
    .data                                    0x2000002c   Section        4  cpuport.o(.data)
    .data                                    0x20000030   Section        4  clock.o(.data)
    rt_tick                                  0x20000030   Data           4  clock.o(.data)
    .data                                    0x20000034   Section        8  idle.o(.data)
    _rt_thread_defunct                       0x20000034   Data           8  idle.o(.data)
    .data                                    0x2000003c   Section        1  irq.o(.data)
    .data                                    0x20000040   Section       52  kservice.o(.data)
    __rt_errno                               0x20000040   Data           4  kservice.o(.data)
    rt_errno_strs                            0x20000044   Data          48  kservice.o(.data)
    .data                                    0x20000074   Section       48  object.o(.data)
    _object_container                        0x20000074   Data          48  object.o(.data)
    .data                                    0x200000a4   Section       12  scheduler.o(.data)
    rt_scheduler_lock_nest                   0x200000a6   Data           2  scheduler.o(.data)
    .data                                    0x200000b0   Section       12  timer.o(.data)
    random_nr                                0x200000b0   Data           4  timer.o(.data)
    _timer_list                              0x200000b4   Data           8  timer.o(.data)
    .bss                                     0x200000bc   Section       72  main.o(.bss)
    .bss                                     0x20000104   Section     1396  shell.o(.bss)
    finsh_prompt                             0x20000104   Data         129  shell.o(.bss)
    finsh_thread                             0x20000188   Data         120  shell.o(.bss)
    finsh_thread_stack                       0x20000200   Data        1024  shell.o(.bss)
    .bss                                     0x20000678   Section     1144  components.o(.bss)
    main_stack                               0x20000678   Data        1024  components.o(.bss)
    .bss                                     0x20000af0   Section      248  idle.o(.bss)
    idle                                     0x20000af0   Data         120  idle.o(.bss)
    rt_thread_stack                          0x20000b68   Data         128  idle.o(.bss)
    .bss                                     0x20000be8   Section      128  kservice.o(.bss)
    rt_log_buf                               0x20000be8   Data         128  kservice.o(.bss)
    .bss                                     0x20000c68   Section      256  scheduler.o(.bss)
    .bss                                     0x20000d68   Section       72  board.o(.bss)
    UartHandle                               0x20000d68   Data          72  board.o(.bss)
    .bss                                     0x20000db0   Section       96  libspace.o(.bss)
    HEAP                                     0x20000e10   Section      512  startup_stm32f103xe.o(HEAP)
    Heap_Mem                                 0x20000e10   Data         512  startup_stm32f103xe.o(HEAP)
    STACK                                    0x20001010   Section     1024  startup_stm32f103xe.o(STACK)
    Stack_Mem                                0x20001010   Data        1024  startup_stm32f103xe.o(STACK)
    __initial_sp                             0x20001410   Data           0  startup_stm32f103xe.o(STACK)

    Global Symbols

    Symbol Name                              Value     Ov Type        Size  Object(Section)

    BuildAttributes$$THM_ISAv4$P$D$K$B$S$PE$A:L22UL41UL21$X:L11$S22US41US21$IEEE1$IW$USESV6$~STKCKD$USESV7$~SHL$OSPACE$ROPI$EBA8$UX$STANDARDLIB$REQ8$PRES8$EABIv2 0x00000000   Number         0  anon$$obj.o ABSOLUTE
    __ARM_use_no_argv                        0x00000000   Number         0  main.o ABSOLUTE
    __ARM_exceptions_init                     - Undefined Weak Reference
    __alloca_initialize                       - Undefined Weak Reference
    __arm_preinit_                            - Undefined Weak Reference
    __cpp_initialize__aeabi_                  - Undefined Weak Reference
    __cxa_finalize                            - Undefined Weak Reference
    __sigvec_lookup                           - Undefined Weak Reference
    _atexit_init                              - Undefined Weak Reference
    _call_atexit_fns                          - Undefined Weak Reference
    _clock_init                               - Undefined Weak Reference
    _fp_trap_init                             - Undefined Weak Reference
    _fp_trap_shutdown                         - Undefined Weak Reference
    _get_lc_collate                           - Undefined Weak Reference
    _get_lc_monetary                          - Undefined Weak Reference
    _get_lc_numeric                           - Undefined Weak Reference
    _get_lc_time                              - Undefined Weak Reference
    _getenv_init                              - Undefined Weak Reference
    _handle_redirection                       - Undefined Weak Reference
    _init_alloc                               - Undefined Weak Reference
    _init_user_alloc                          - Undefined Weak Reference
    _initio                                   - Undefined Weak Reference
    _rand_init                                - Undefined Weak Reference
    _signal_finish                            - Undefined Weak Reference
    _signal_init                              - Undefined Weak Reference
    _terminate_alloc                          - Undefined Weak Reference
    _terminate_user_alloc                     - Undefined Weak Reference
    _terminateio                              - Undefined Weak Reference
    __Vectors_Size                           0x00000130   Number         0  startup_stm32f103xe.o ABSOLUTE
    __Vectors                                0x08000000   Data           4  startup_stm32f103xe.o(RESET)
    __Vectors_End                            0x08000130   Data           0  startup_stm32f103xe.o(RESET)
    __main                                   0x08000131   Thumb Code     8  __main.o(!!!main)
    __scatterload                            0x08000139   Thumb Code     0  __scatter.o(!!!scatter)
    __scatterload_rt2                        0x08000139   Thumb Code    44  __scatter.o(!!!scatter)
    __scatterload_rt2_thumb_only             0x08000139   Thumb Code     0  __scatter.o(!!!scatter)
    __scatterload_null                       0x08000147   Thumb Code     0  __scatter.o(!!!scatter)
    __scatterload_copy                       0x0800016d   Thumb Code    26  __scatter_copy.o(!!handler_copy)
    __scatterload_zeroinit                   0x08000189   Thumb Code    28  __scatter_zi.o(!!handler_zi)
    __rt_lib_init                            0x080001a5   Thumb Code     0  libinit.o(.ARM.Collect$$libinit$$00000000)
    __rt_lib_init_alloca_1                   0x080001a7   Thumb Code     0  libinit2.o(.ARM.Collect$$libinit$$0000002E)
    __rt_lib_init_argv_1                     0x080001a7   Thumb Code     0  libinit2.o(.ARM.Collect$$libinit$$0000002C)
    __rt_lib_init_atexit_1                   0x080001a7   Thumb Code     0  libinit2.o(.ARM.Collect$$libinit$$0000001B)
    __rt_lib_init_clock_1                    0x080001a7   Thumb Code     0  libinit2.o(.ARM.Collect$$libinit$$00000021)
    __rt_lib_init_cpp_1                      0x080001a7   Thumb Code     0  libinit2.o(.ARM.Collect$$libinit$$00000032)
    __rt_lib_init_exceptions_1               0x080001a7   Thumb Code     0  libinit2.o(.ARM.Collect$$libinit$$00000030)
    __rt_lib_init_fp_1                       0x080001a7   Thumb Code     0  libinit2.o(.ARM.Collect$$libinit$$00000002)
    __rt_lib_init_fp_trap_1                  0x080001a7   Thumb Code     0  libinit2.o(.ARM.Collect$$libinit$$0000001F)
    __rt_lib_init_getenv_1                   0x080001a7   Thumb Code     0  libinit2.o(.ARM.Collect$$libinit$$00000023)
    __rt_lib_init_heap_1                     0x080001a7   Thumb Code     0  libinit2.o(.ARM.Collect$$libinit$$0000000A)
    __rt_lib_init_lc_collate_1               0x080001a7   Thumb Code     0  libinit2.o(.ARM.Collect$$libinit$$00000011)
    __rt_lib_init_lc_ctype_1                 0x080001a7   Thumb Code     0  libinit2.o(.ARM.Collect$$libinit$$00000013)
    __rt_lib_init_lc_monetary_1              0x080001a7   Thumb Code     0  libinit2.o(.ARM.Collect$$libinit$$00000015)
    __rt_lib_init_lc_numeric_1               0x080001a7   Thumb Code     0  libinit2.o(.ARM.Collect$$libinit$$00000017)
    __rt_lib_init_lc_time_1                  0x080001a7   Thumb Code     0  libinit2.o(.ARM.Collect$$libinit$$00000019)
    __rt_lib_init_preinit_1                  0x080001a7   Thumb Code     0  libinit2.o(.ARM.Collect$$libinit$$00000004)
    __rt_lib_init_rand_1                     0x080001a7   Thumb Code     0  libinit2.o(.ARM.Collect$$libinit$$0000000E)
    __rt_lib_init_return                     0x080001a7   Thumb Code     0  libinit2.o(.ARM.Collect$$libinit$$00000033)
    __rt_lib_init_signal_1                   0x080001a7   Thumb Code     0  libinit2.o(.ARM.Collect$$libinit$$0000001D)
    __rt_lib_init_stdio_1                    0x080001a7   Thumb Code     0  libinit2.o(.ARM.Collect$$libinit$$00000025)
    __rt_lib_init_user_alloc_1               0x080001a7   Thumb Code     0  libinit2.o(.ARM.Collect$$libinit$$0000000C)
    __rt_lib_shutdown                        0x080001a9   Thumb Code     0  libshutdown.o(.ARM.Collect$$libshutdown$$00000000)
    __rt_lib_shutdown_fp_trap_1              0x080001ab   Thumb Code     0  libshutdown2.o(.ARM.Collect$$libshutdown$$00000006)
    __rt_lib_shutdown_heap_1                 0x080001ab   Thumb Code     0  libshutdown2.o(.ARM.Collect$$libshutdown$$0000000E)
    __rt_lib_shutdown_return                 0x080001ab   Thumb Code     0  libshutdown2.o(.ARM.Collect$$libshutdown$$0000000F)
    __rt_lib_shutdown_signal_1               0x080001ab   Thumb Code     0  libshutdown2.o(.ARM.Collect$$libshutdown$$00000009)
    __rt_lib_shutdown_stdio_1                0x080001ab   Thumb Code     0  libshutdown2.o(.ARM.Collect$$libshutdown$$00000003)
    __rt_lib_shutdown_user_alloc_1           0x080001ab   Thumb Code     0  libshutdown2.o(.ARM.Collect$$libshutdown$$0000000B)
    __rt_entry                               0x080001ad   Thumb Code     0  __rtentry.o(.ARM.Collect$$rtentry$$00000000)
    __rt_entry_presh_1                       0x080001ad   Thumb Code     0  __rtentry2.o(.ARM.Collect$$rtentry$$00000002)
    __rt_entry_sh                            0x080001ad   Thumb Code     0  __rtentry4.o(.ARM.Collect$$rtentry$$00000004)
    __rt_entry_li                            0x080001b3   Thumb Code     0  __rtentry2.o(.ARM.Collect$$rtentry$$0000000A)
    __rt_entry_postsh_1                      0x080001b3   Thumb Code     0  __rtentry2.o(.ARM.Collect$$rtentry$$00000009)
    __rt_entry_main                          0x080001b7   Thumb Code     0  __rtentry2.o(.ARM.Collect$$rtentry$$0000000D)
    __rt_entry_postli_1                      0x080001b7   Thumb Code     0  __rtentry2.o(.ARM.Collect$$rtentry$$0000000C)
    __rt_exit                                0x080001bf   Thumb Code     0  rtexit.o(.ARM.Collect$$rtexit$$00000000)
    __rt_exit_ls                             0x080001c1   Thumb Code     0  rtexit2.o(.ARM.Collect$$rtexit$$00000003)
    __rt_exit_prels_1                        0x080001c1   Thumb Code     0  rtexit2.o(.ARM.Collect$$rtexit$$00000002)
    __rt_exit_exit                           0x080001c5   Thumb Code     0  rtexit2.o(.ARM.Collect$$rtexit$$00000004)
    Reset_Handler                            0x080001cd   Thumb Code     8  startup_stm32f103xe.o(.text)
    SVC_Handler                              0x080001df   Thumb Code     2  startup_stm32f103xe.o(.text)
    ADC1_2_IRQHandler                        0x080001e7   Thumb Code     0  startup_stm32f103xe.o(.text)
    ADC3_IRQHandler                          0x080001e7   Thumb Code     0  startup_stm32f103xe.o(.text)
    CAN1_RX1_IRQHandler                      0x080001e7   Thumb Code     0  startup_stm32f103xe.o(.text)
    CAN1_SCE_IRQHandler                      0x080001e7   Thumb Code     0  startup_stm32f103xe.o(.text)
    DMA1_Channel1_IRQHandler                 0x080001e7   Thumb Code     0  startup_stm32f103xe.o(.text)
    DMA1_Channel2_IRQHandler                 0x080001e7   Thumb Code     0  startup_stm32f103xe.o(.text)
    DMA1_Channel3_IRQHandler                 0x080001e7   Thumb Code     0  startup_stm32f103xe.o(.text)
    DMA1_Channel4_IRQHandler                 0x080001e7   Thumb Code     0  startup_stm32f103xe.o(.text)
    DMA1_Channel5_IRQHandler                 0x080001e7   Thumb Code     0  startup_stm32f103xe.o(.text)
    DMA1_Channel6_IRQHandler                 0x080001e7   Thumb Code     0  startup_stm32f103xe.o(.text)
    DMA1_Channel7_IRQHandler                 0x080001e7   Thumb Code     0  startup_stm32f103xe.o(.text)
    DMA2_Channel1_IRQHandler                 0x080001e7   Thumb Code     0  startup_stm32f103xe.o(.text)
    DMA2_Channel2_IRQHandler                 0x080001e7   Thumb Code     0  startup_stm32f103xe.o(.text)
    DMA2_Channel3_IRQHandler                 0x080001e7   Thumb Code     0  startup_stm32f103xe.o(.text)
    DMA2_Channel4_5_IRQHandler               0x080001e7   Thumb Code     0  startup_stm32f103xe.o(.text)
    EXTI0_IRQHandler                         0x080001e7   Thumb Code     0  startup_stm32f103xe.o(.text)
    EXTI15_10_IRQHandler                     0x080001e7   Thumb Code     0  startup_stm32f103xe.o(.text)
    EXTI1_IRQHandler                         0x080001e7   Thumb Code     0  startup_stm32f103xe.o(.text)
    EXTI2_IRQHandler                         0x080001e7   Thumb Code     0  startup_stm32f103xe.o(.text)
    EXTI3_IRQHandler                         0x080001e7   Thumb Code     0  startup_stm32f103xe.o(.text)
    EXTI4_IRQHandler                         0x080001e7   Thumb Code     0  startup_stm32f103xe.o(.text)
    EXTI9_5_IRQHandler                       0x080001e7   Thumb Code     0  startup_stm32f103xe.o(.text)
    FLASH_IRQHandler                         0x080001e7   Thumb Code     0  startup_stm32f103xe.o(.text)
    FSMC_IRQHandler                          0x080001e7   Thumb Code     0  startup_stm32f103xe.o(.text)
    I2C1_ER_IRQHandler                       0x080001e7   Thumb Code     0  startup_stm32f103xe.o(.text)
    I2C1_EV_IRQHandler                       0x080001e7   Thumb Code     0  startup_stm32f103xe.o(.text)
    I2C2_ER_IRQHandler                       0x080001e7   Thumb Code     0  startup_stm32f103xe.o(.text)
    I2C2_EV_IRQHandler                       0x080001e7   Thumb Code     0  startup_stm32f103xe.o(.text)
    PVD_IRQHandler                           0x080001e7   Thumb Code     0  startup_stm32f103xe.o(.text)
    RCC_IRQHandler                           0x080001e7   Thumb Code     0  startup_stm32f103xe.o(.text)
    RTC_Alarm_IRQHandler                     0x080001e7   Thumb Code     0  startup_stm32f103xe.o(.text)
    RTC_IRQHandler                           0x080001e7   Thumb Code     0  startup_stm32f103xe.o(.text)
    SDIO_IRQHandler                          0x080001e7   Thumb Code     0  startup_stm32f103xe.o(.text)
    SPI1_IRQHandler                          0x080001e7   Thumb Code     0  startup_stm32f103xe.o(.text)
    SPI2_IRQHandler                          0x080001e7   Thumb Code     0  startup_stm32f103xe.o(.text)
    SPI3_IRQHandler                          0x080001e7   Thumb Code     0  startup_stm32f103xe.o(.text)
    TAMPER_IRQHandler                        0x080001e7   Thumb Code     0  startup_stm32f103xe.o(.text)
    TIM1_BRK_IRQHandler                      0x080001e7   Thumb Code     0  startup_stm32f103xe.o(.text)
    TIM1_CC_IRQHandler                       0x080001e7   Thumb Code     0  startup_stm32f103xe.o(.text)
    TIM1_TRG_COM_IRQHandler                  0x080001e7   Thumb Code     0  startup_stm32f103xe.o(.text)
    TIM1_UP_IRQHandler                       0x080001e7   Thumb Code     0  startup_stm32f103xe.o(.text)
    TIM2_IRQHandler                          0x080001e7   Thumb Code     0  startup_stm32f103xe.o(.text)
    TIM3_IRQHandler                          0x080001e7   Thumb Code     0  startup_stm32f103xe.o(.text)
    TIM4_IRQHandler                          0x080001e7   Thumb Code     0  startup_stm32f103xe.o(.text)
    TIM5_IRQHandler                          0x080001e7   Thumb Code     0  startup_stm32f103xe.o(.text)
    TIM6_IRQHandler                          0x080001e7   Thumb Code     0  startup_stm32f103xe.o(.text)
    TIM7_IRQHandler                          0x080001e7   Thumb Code     0  startup_stm32f103xe.o(.text)
    TIM8_BRK_IRQHandler                      0x080001e7   Thumb Code     0  startup_stm32f103xe.o(.text)
    TIM8_CC_IRQHandler                       0x080001e7   Thumb Code     0  startup_stm32f103xe.o(.text)
    TIM8_TRG_COM_IRQHandler                  0x080001e7   Thumb Code     0  startup_stm32f103xe.o(.text)
    TIM8_UP_IRQHandler                       0x080001e7   Thumb Code     0  startup_stm32f103xe.o(.text)
    UART4_IRQHandler                         0x080001e7   Thumb Code     0  startup_stm32f103xe.o(.text)
    UART5_IRQHandler                         0x080001e7   Thumb Code     0  startup_stm32f103xe.o(.text)
    USART1_IRQHandler                        0x080001e7   Thumb Code     0  startup_stm32f103xe.o(.text)
    USART2_IRQHandler                        0x080001e7   Thumb Code     0  startup_stm32f103xe.o(.text)
    USART3_IRQHandler                        0x080001e7   Thumb Code     0  startup_stm32f103xe.o(.text)
    USBWakeUp_IRQHandler                     0x080001e7   Thumb Code     0  startup_stm32f103xe.o(.text)
    USB_HP_CAN1_TX_IRQHandler                0x080001e7   Thumb Code     0  startup_stm32f103xe.o(.text)
    USB_LP_CAN1_RX0_IRQHandler               0x080001e7   Thumb Code     0  startup_stm32f103xe.o(.text)
    WWDG_IRQHandler                          0x080001e7   Thumb Code     0  startup_stm32f103xe.o(.text)
    __user_initial_stackheap                 0x080001e9   Thumb Code     0  startup_stm32f103xe.o(.text)
    rt_hw_interrupt_disable                  0x0800020d   Thumb Code     8  context_rvds.o(.text)
    rt_hw_interrupt_enable                   0x08000215   Thumb Code     6  context_rvds.o(.text)
    rt_hw_context_switch                     0x0800021b   Thumb Code    32  context_rvds.o(.text)
    rt_hw_context_switch_interrupt           0x0800021b   Thumb Code     0  context_rvds.o(.text)
    PendSV_Handler                           0x0800023b   Thumb Code    60  context_rvds.o(.text)
    rt_hw_context_switch_to                  0x08000277   Thumb Code    64  context_rvds.o(.text)
    rt_hw_interrupt_thread_switch            0x080002b7   Thumb Code     2  context_rvds.o(.text)
    HardFault_Handler                        0x080002b9   Thumb Code    52  context_rvds.o(.text)
    strcpy                                   0x08000309   Thumb Code    72  strcpy.o(.text)
    strlen                                   0x08000351   Thumb Code    62  strlen.o(.text)
    strncmp                                  0x0800038f   Thumb Code   150  strncmp.o(.text)
    strcat                                   0x08000425   Thumb Code    24  strcat.o(.text)
    __aeabi_memclr4                          0x0800043d   Thumb Code     0  rt_memclr_w.o(.text)
    __aeabi_memclr8                          0x0800043d   Thumb Code     0  rt_memclr_w.o(.text)
    __rt_memclr_w                            0x0800043d   Thumb Code    78  rt_memclr_w.o(.text)
    _memset_w                                0x08000441   Thumb Code     0  rt_memclr_w.o(.text)
    strncpy                                  0x0800048b   Thumb Code    86  strncpy.o(.text)
    strcmp                                   0x080004e1   Thumb Code   128  strcmpv7m.o(.text)
    __use_two_region_memory                  0x08000561   Thumb Code     2  heapauxi.o(.text)
    __rt_heap_escrow$2region                 0x08000563   Thumb Code     2  heapauxi.o(.text)
    __rt_heap_expand$2region                 0x08000565   Thumb Code     2  heapauxi.o(.text)
    __aeabi_memclr                           0x08000567   Thumb Code     0  rt_memclr.o(.text)
    __rt_memclr                              0x08000567   Thumb Code    68  rt_memclr.o(.text)
    _memset                                  0x0800056b   Thumb Code     0  rt_memclr.o(.text)
    __user_libspace                          0x080005ad   Thumb Code     8  libspace.o(.text)
    __user_perproc_libspace                  0x080005ad   Thumb Code     0  libspace.o(.text)
    __user_perthread_libspace                0x080005ad   Thumb Code     0  libspace.o(.text)
    __user_setup_stackheap                   0x080005b5   Thumb Code    74  sys_stackheap_outer.o(.text)
    exit                                     0x080005ff   Thumb Code    12  exit.o(.text)
    _sys_exit                                0x0800060d   Thumb Code     8  sys_exit.o(.text)
    __I$use$semihosting                      0x08000619   Thumb Code     0  use_no_semi.o(.text)
    __use_no_semihosting_swi                 0x08000619   Thumb Code     2  use_no_semi.o(.text)
    __semihosting_library_function           0x0800061b   Thumb Code     0  indicate_semi.o(.text)
    main                                     0x0800061b   Thumb Code    10  components.o(i.$Sub$$main)
    BusFault_Handler                         0x08000625   Thumb Code     2  stm32f1xx_it.o(i.BusFault_Handler)
    DebugMon_Handler                         0x08000627   Thumb Code     2  stm32f1xx_it.o(i.DebugMon_Handler)
    HAL_GPIO_Init                            0x08000629   Thumb Code   462  stm32f1xx_hal_gpio.o(i.HAL_GPIO_Init)
    HAL_GetTick                              0x08000821   Thumb Code     6  stm32f1xx_hal.o(i.HAL_GetTick)
    HAL_Init                                 0x0800082d   Thumb Code    32  stm32f1xx_hal.o(i.HAL_Init)
    HAL_InitTick                             0x08000851   Thumb Code    54  stm32f1xx_hal.o(i.HAL_InitTick)
    HAL_MspInit                              0x08000891   Thumb Code    52  stm32f1xx_hal_msp.o(i.HAL_MspInit)
    HAL_NVIC_SetPriority                     0x080008cd   Thumb Code    60  stm32f1xx_hal_cortex.o(i.HAL_NVIC_SetPriority)
    HAL_NVIC_SetPriorityGrouping             0x0800090d   Thumb Code    26  stm32f1xx_hal_cortex.o(i.HAL_NVIC_SetPriorityGrouping)
    HAL_RCC_ClockConfig                      0x08000931   Thumb Code   280  stm32f1xx_hal_rcc.o(i.HAL_RCC_ClockConfig)
    HAL_RCC_GetHCLKFreq                      0x08000a5d   Thumb Code     6  stm32f1xx_hal_rcc.o(i.HAL_RCC_GetHCLKFreq)
    HAL_RCC_GetPCLK1Freq                     0x08000a69   Thumb Code    20  stm32f1xx_hal_rcc.o(i.HAL_RCC_GetPCLK1Freq)
    HAL_RCC_GetPCLK2Freq                     0x08000a89   Thumb Code    20  stm32f1xx_hal_rcc.o(i.HAL_RCC_GetPCLK2Freq)
    HAL_RCC_GetSysClockFreq                  0x08000aa9   Thumb Code    58  stm32f1xx_hal_rcc.o(i.HAL_RCC_GetSysClockFreq)
    HAL_RCC_OscConfig                        0x08000af5   Thumb Code   778  stm32f1xx_hal_rcc.o(i.HAL_RCC_OscConfig)
    HAL_SYSTICK_Config                       0x08000e15   Thumb Code    40  stm32f1xx_hal_cortex.o(i.HAL_SYSTICK_Config)
    HAL_UART_Init                            0x08000e3d   Thumb Code   100  stm32f1xx_hal_uart.o(i.HAL_UART_Init)
    HAL_UART_MspInit                         0x08000ea1   Thumb Code   100  stm32f1xx_hal_msp.o(i.HAL_UART_MspInit)
    HAL_UART_Transmit                        0x08000f11   Thumb Code   160  stm32f1xx_hal_uart.o(i.HAL_UART_Transmit)
    MemManage_Handler                        0x08000fb1   Thumb Code     2  stm32f1xx_it.o(i.MemManage_Handler)
    NMI_Handler                              0x08000fb3   Thumb Code     2  stm32f1xx_it.o(i.NMI_Handler)
    SysTick_Handler                          0x08000fb5   Thumb Code    18  board.o(i.SysTick_Handler)
    SystemClock_Config                       0x08000fc7   Thumb Code    80  main.o(i.SystemClock_Config)
    SystemCoreClockUpdate                    0x08001019   Thumb Code    82  system_stm32f1xx.o(i.SystemCoreClockUpdate)
    SystemInit                               0x08001081   Thumb Code     2  system_stm32f1xx.o(i.SystemInit)
    UsageFault_Handler                       0x080011fb   Thumb Code     2  stm32f1xx_it.o(i.UsageFault_Handler)
    __rt_ffs                                 0x0800121d   Thumb Code    62  kservice.o(i.__rt_ffs)
    cmd_list                                 0x080014e1   Thumb Code    96  cmd.o(i.cmd_list)
    finsh_get_prompt                         0x080015cd   Thumb Code    56  shell.o(i.finsh_get_prompt)
    finsh_set_prompt_mode                    0x08001619   Thumb Code    16  shell.o(i.finsh_set_prompt_mode)
    finsh_system_function_init               0x0800162d   Thumb Code     8  shell.o(i.finsh_system_function_init)
    finsh_system_init                        0x08001639   Thumb Code    82  shell.o(i.finsh_system_init)
    finsh_thread_entry                       0x080016b1   Thumb Code   596  shell.o(i.finsh_thread_entry)
    list_sem                                 0x08001a31   Thumb Code   216  cmd.o(i.list_sem)
    list_thread                              0x08001b75   Thumb Code   256  cmd.o(i.list_thread)
    list_timer                               0x08001d31   Thumb Code   176  cmd.o(i.list_timer)
    $Super$$main                             0x08001eb5   Thumb Code    68  main.o(i.main)
    main_thread_entry                        0x08001f05   Thumb Code    14  components.o(i.main_thread_entry)
    msh_auto_complete                        0x08001fed   Thumb Code   136  msh.o(i.msh_auto_complete)
    msh_exec                                 0x08002081   Thumb Code    74  msh.o(i.msh_exec)
    msh_help                                 0x080020e5   Thumb Code    44  msh.o(i.msh_help)
    rt_application_init                      0x08002361   Thumb Code    44  components.o(i.rt_application_init)
    rt_components_board_init                 0x0800239d   Thumb Code    20  components.o(i.rt_components_board_init)
    rt_components_init                       0x080023b9   Thumb Code    20  components.o(i.rt_components_init)
    rt_enter_critical                        0x080023d5   Thumb Code    22  scheduler.o(i.rt_enter_critical)
    rt_exit_critical                         0x080023f1   Thumb Code    52  scheduler.o(i.rt_exit_critical)
    rt_hw_board_init                         0x08002429   Thumb Code    38  board.o(i.rt_hw_board_init)
    rt_hw_console_getchar                    0x08002451   Thumb Code    34  board.o(i.rt_hw_console_getchar)
    rt_hw_console_output                     0x08002479   Thumb Code    66  board.o(i.rt_hw_console_output)
    rt_hw_cpu_reset                          0x080024c1   Thumb Code     8  cpuport.o(i.rt_hw_cpu_reset)
    rt_hw_hard_fault_exception               0x080024d1   Thumb Code   182  cpuport.o(i.rt_hw_hard_fault_exception)
    rt_hw_stack_init                         0x080026c9   Thumb Code    52  cpuport.o(i.rt_hw_stack_init)
    rt_interrupt_enter                       0x08002701   Thumb Code    22  irq.o(i.rt_interrupt_enter)
    rt_interrupt_leave                       0x0800271d   Thumb Code    22  irq.o(i.rt_interrupt_leave)
    rt_kprintf                               0x08002739   Thumb Code    38  kservice.o(i.rt_kprintf)
    rt_memcpy                                0x080027a9   Thumb Code    74  kservice.o(i.rt_memcpy)
    rt_memmove                               0x080027f5   Thumb Code    50  kservice.o(i.rt_memmove)
    rt_memset                                0x08002829   Thumb Code    70  kservice.o(i.rt_memset)
    rt_object_detach                         0x0800286f   Thumb Code    36  object.o(i.rt_object_detach)
    rt_object_get_information                0x08002895   Thumb Code    30  object.o(i.rt_object_get_information)
    rt_object_init                           0x080028b9   Thumb Code    82  object.o(i.rt_object_init)
    rt_object_is_systemobject                0x0800290b   Thumb Code    14  object.o(i.rt_object_is_systemobject)
    rt_schedule                              0x08002919   Thumb Code   174  scheduler.o(i.rt_schedule)
    rt_schedule_insert_thread                0x080029d1   Thumb Code   108  scheduler.o(i.rt_schedule_insert_thread)
    rt_schedule_remove_thread                0x08002a45   Thumb Code    64  scheduler.o(i.rt_schedule_remove_thread)
    rt_sem_init                              0x08002a8d   Thumb Code    36  ipc.o(i.rt_sem_init)
    rt_show_version                          0x08002ab1   Thumb Code    42  kservice.o(i.rt_show_version)
    rt_sprintf                               0x08002b75   Thumb Code    18  kservice.o(i.rt_sprintf)
    rt_strerror                              0x08002b89   Thumb Code    22  kservice.o(i.rt_strerror)
    rt_strlen                                0x08002ba5   Thumb Code    16  kservice.o(i.rt_strlen)
    rt_strncpy                               0x08002bb5   Thumb Code    38  kservice.o(i.rt_strncpy)
    rt_system_scheduler_init                 0x08002bdd   Thumb Code    30  scheduler.o(i.rt_system_scheduler_init)
    rt_system_scheduler_start                0x08002c05   Thumb Code    36  scheduler.o(i.rt_system_scheduler_start)
    rt_system_timer_init                     0x08002c2d   Thumb Code     8  timer.o(i.rt_system_timer_init)
    rt_system_timer_thread_init              0x08002c39   Thumb Code     2  timer.o(i.rt_system_timer_thread_init)
    rt_thread_defunct_dequeue                0x08002c3d   Thumb Code    44  idle.o(i.rt_thread_defunct_dequeue)
    rt_thread_defunct_enqueue                0x08002c6d   Thumb Code    18  idle.o(i.rt_thread_defunct_enqueue)
    rt_thread_idle_init                      0x08002ca9   Thumb Code    52  idle.o(i.rt_thread_idle_init)
    rt_thread_init                           0x08002ced   Thumb Code    48  thread.o(i.rt_thread_init)
    rt_thread_mdelay                         0x08002d1d   Thumb Code    14  thread.o(i.rt_thread_mdelay)
    rt_thread_resume                         0x08002d2b   Thumb Code    60  thread.o(i.rt_thread_resume)
    rt_thread_self                           0x08002d69   Thumb Code     6  thread.o(i.rt_thread_self)
    rt_thread_sleep                          0x08002d75   Thumb Code    64  thread.o(i.rt_thread_sleep)
    rt_thread_startup                        0x08002db9   Thumb Code    36  thread.o(i.rt_thread_startup)
    rt_thread_suspend                        0x08002de1   Thumb Code    70  thread.o(i.rt_thread_suspend)
    rt_tick_from_millisecond                 0x08002e27   Thumb Code    50  clock.o(i.rt_tick_from_millisecond)
    rt_tick_get                              0x08002e59   Thumb Code     6  clock.o(i.rt_tick_get)
    rt_tick_increase                         0x08002e65   Thumb Code    68  clock.o(i.rt_tick_increase)
    rt_timer_check                           0x08002ead   Thumb Code   136  timer.o(i.rt_timer_check)
    rt_timer_control                         0x08002f39   Thumb Code    76  timer.o(i.rt_timer_control)
    rt_timer_detach                          0x08002f85   Thumb Code    40  timer.o(i.rt_timer_detach)
    rt_timer_init                            0x08002fad   Thumb Code    48  timer.o(i.rt_timer_init)
    rt_timer_start                           0x08002fdd   Thumb Code   126  timer.o(i.rt_timer_start)
    rt_timer_stop                            0x08003061   Thumb Code    46  timer.o(i.rt_timer_stop)
    rt_vsnprintf                             0x08003091   Thumb Code   634  kservice.o(i.rt_vsnprintf)
    rt_vsprintf                              0x08003315   Thumb Code    16  kservice.o(i.rt_vsprintf)
    rtthread_startup                         0x08003335   Thumb Code    42  components.o(i.rtthread_startup)
    version                                  0x0800348d   Thumb Code    10  cmd.o(i.version)
    AHBPrescTable                            0x080034a8   Data          16  system_stm32f1xx.o(.constdata)
    APBPrescTable                            0x080034b8   Data           8  system_stm32f1xx.o(.constdata)
    __lowest_bit_bitmap                      0x080034c0   Data         256  kservice.o(.constdata)
    __fsym_clear_name                        0x08003680   Data           6  cmd.o(.rodata.name)
    __fsym_clear_desc                        0x08003686   Data          26  cmd.o(.rodata.name)
    __fsym_version_name                      0x080036a0   Data           8  cmd.o(.rodata.name)
    __fsym_version_desc                      0x080036a8   Data          35  cmd.o(.rodata.name)
    __fsym_list_thread_name                  0x080036cb   Data          12  cmd.o(.rodata.name)
    __fsym_list_thread_desc                  0x080036d7   Data          12  cmd.o(.rodata.name)
    __fsym_list_sem_name                     0x080036e3   Data           9  cmd.o(.rodata.name)
    __fsym_list_sem_desc                     0x080036ec   Data          25  cmd.o(.rodata.name)
    __fsym_list_timer_name                   0x08003705   Data          11  cmd.o(.rodata.name)
    __fsym_list_timer_desc                   0x08003710   Data          21  cmd.o(.rodata.name)
    __fsym_list_name                         0x08003725   Data           5  cmd.o(.rodata.name)
    __fsym_list_desc                         0x0800372a   Data          13  cmd.o(.rodata.name)
    __fsym_help_name                         0x08003737   Data           5  msh.o(.rodata.name)
    __fsym_help_desc                         0x0800373c   Data          22  msh.o(.rodata.name)
    __fsym_reboot_name                       0x08003752   Data           7  board.o(.rodata.name)
    __fsym_reboot_desc                       0x08003759   Data          14  board.o(.rodata.name)
    __rt_init_rti_start                      0x08003768   Data           4  components.o(.rti_fn.0)
    __rt_init_rti_board_start                0x0800376c   Data           4  components.o(.rti_fn.0.end)
    __rt_init_uart_init                      0x08003770   Data           4  board.o(.rti_fn.1)
    __rt_init_rti_board_end                  0x08003774   Data           4  components.o(.rti_fn.1.end)
    __rt_init_finsh_system_init              0x08003778   Data           4  shell.o(.rti_fn.6)
    __rt_init_rti_end                        0x0800377c   Data           4  components.o(.rti_fn.6.end)
    FSymTab$$Base                            0x08003780   Number         0  cmd.o(FSymTab)
    __fsym_clear                             0x08003780   Data          12  cmd.o(FSymTab)
    __fsym_version                           0x0800378c   Data          12  cmd.o(FSymTab)
    __fsym_list_thread                       0x08003798   Data          12  cmd.o(FSymTab)
    __fsym_list_sem                          0x080037a4   Data          12  cmd.o(FSymTab)
    __fsym_list_timer                        0x080037b0   Data          12  cmd.o(FSymTab)
    __fsym_list                              0x080037bc   Data          12  cmd.o(FSymTab)
    __fsym_help                              0x080037c8   Data          12  msh.o(FSymTab)
    __fsym_reboot                            0x080037d4   Data          12  board.o(FSymTab)
    FSymTab$$Limit                           0x080037e0   Number         0  board.o(FSymTab)
    Region$$Table$$Base                      0x080037e0   Number         0  anon$$obj.o(Region$$Table)
    Region$$Table$$Limit                     0x08003800   Number         0  anon$$obj.o(Region$$Table)
    uwTickFreq                               0x20000000   Data           1  stm32f1xx_hal.o(.data)
    uwTickPrio                               0x20000004   Data           4  stm32f1xx_hal.o(.data)
    uwTick                                   0x20000008   Data           4  stm32f1xx_hal.o(.data)
    SystemCoreClock                          0x2000000c   Data           4  system_stm32f1xx.o(.data)
    _syscall_table_begin                     0x20000010   Data           4  shell.o(.data)
    _syscall_table_end                       0x20000014   Data           4  shell.o(.data)
    shell                                    0x2000001c   Data           4  shell.o(.data)
    rt_interrupt_from_thread                 0x20000024   Data           4  cpuport.o(.data)
    rt_interrupt_to_thread                   0x20000028   Data           4  cpuport.o(.data)
    rt_thread_switch_interrupt_flag          0x2000002c   Data           4  cpuport.o(.data)
    rt_interrupt_nest                        0x2000003c   Data           1  irq.o(.data)
    rt_current_priority                      0x200000a4   Data           1  scheduler.o(.data)
    rt_current_thread                        0x200000a8   Data           4  scheduler.o(.data)
    rt_thread_ready_priority_group           0x200000ac   Data           4  scheduler.o(.data)
    huart1                                   0x200000bc   Data          72  main.o(.bss)
    _shell                                   0x20000600   Data         120  shell.o(.bss)
    main_thread                              0x20000a78   Data         120  components.o(.bss)
    rt_thread_priority_table                 0x20000c68   Data         256  scheduler.o(.bss)
    __libspace_start                         0x20000db0   Data          96  libspace.o(.bss)
    __temporary_stack_top$libspace           0x20000e10   Data           0  libspace.o(.bss)



==============================================================================

Memory Map of the image

  Image Entry point : 0x08000131

  Load Region LR_IROM1 (Base: 0x08000000, Size: 0x000038bc, Max: 0x00080000, ABSOLUTE)

    Execution Region ER_IROM1 (Exec base: 0x08000000, Load base: 0x08000000, Size: 0x00003800, Max: 0x00080000, ABSOLUTE)

    Exec Addr    Load Addr    Size         Type   Attr      Idx    E Section Name        Object

    0x08000000   0x08000000   0x00000130   Data   RO            3    RESET               startup_stm32f103xe.o
    0x08000130   0x08000130   0x00000008   Code   RO         2831  * !!!main             c_w.l(__main.o)
    0x08000138   0x08000138   0x00000034   Code   RO         2997    !!!scatter          c_w.l(__scatter.o)
    0x0800016c   0x0800016c   0x0000001a   Code   RO         2999    !!handler_copy      c_w.l(__scatter_copy.o)
    0x08000186   0x08000186   0x00000002   PAD
    0x08000188   0x08000188   0x0000001c   Code   RO         3001    !!handler_zi        c_w.l(__scatter_zi.o)
    0x080001a4   0x080001a4   0x00000002   Code   RO         2918    .ARM.Collect$$libinit$$00000000  c_w.l(libinit.o)
    0x080001a6   0x080001a6   0x00000000   Code   RO         2863    .ARM.Collect$$libinit$$00000002  c_w.l(libinit2.o)
    0x080001a6   0x080001a6   0x00000000   Code   RO         2865    .ARM.Collect$$libinit$$00000004  c_w.l(libinit2.o)
    0x080001a6   0x080001a6   0x00000000   Code   RO         2868    .ARM.Collect$$libinit$$0000000A  c_w.l(libinit2.o)
    0x080001a6   0x080001a6   0x00000000   Code   RO         2870    .ARM.Collect$$libinit$$0000000C  c_w.l(libinit2.o)
    0x080001a6   0x080001a6   0x00000000   Code   RO         2872    .ARM.Collect$$libinit$$0000000E  c_w.l(libinit2.o)
    0x080001a6   0x080001a6   0x00000000   Code   RO         2875    .ARM.Collect$$libinit$$00000011  c_w.l(libinit2.o)
    0x080001a6   0x080001a6   0x00000000   Code   RO         2877    .ARM.Collect$$libinit$$00000013  c_w.l(libinit2.o)
    0x080001a6   0x080001a6   0x00000000   Code   RO         2879    .ARM.Collect$$libinit$$00000015  c_w.l(libinit2.o)
    0x080001a6   0x080001a6   0x00000000   Code   RO         2881    .ARM.Collect$$libinit$$00000017  c_w.l(libinit2.o)
    0x080001a6   0x080001a6   0x00000000   Code   RO         2883    .ARM.Collect$$libinit$$00000019  c_w.l(libinit2.o)
    0x080001a6   0x080001a6   0x00000000   Code   RO         2885    .ARM.Collect$$libinit$$0000001B  c_w.l(libinit2.o)
    0x080001a6   0x080001a6   0x00000000   Code   RO         2887    .ARM.Collect$$libinit$$0000001D  c_w.l(libinit2.o)
    0x080001a6   0x080001a6   0x00000000   Code   RO         2889    .ARM.Collect$$libinit$$0000001F  c_w.l(libinit2.o)
    0x080001a6   0x080001a6   0x00000000   Code   RO         2891    .ARM.Collect$$libinit$$00000021  c_w.l(libinit2.o)
    0x080001a6   0x080001a6   0x00000000   Code   RO         2893    .ARM.Collect$$libinit$$00000023  c_w.l(libinit2.o)
    0x080001a6   0x080001a6   0x00000000   Code   RO         2895    .ARM.Collect$$libinit$$00000025  c_w.l(libinit2.o)
    0x080001a6   0x080001a6   0x00000000   Code   RO         2899    .ARM.Collect$$libinit$$0000002C  c_w.l(libinit2.o)
    0x080001a6   0x080001a6   0x00000000   Code   RO         2901    .ARM.Collect$$libinit$$0000002E  c_w.l(libinit2.o)
    0x080001a6   0x080001a6   0x00000000   Code   RO         2903    .ARM.Collect$$libinit$$00000030  c_w.l(libinit2.o)
    0x080001a6   0x080001a6   0x00000000   Code   RO         2905    .ARM.Collect$$libinit$$00000032  c_w.l(libinit2.o)
    0x080001a6   0x080001a6   0x00000002   Code   RO         2906    .ARM.Collect$$libinit$$00000033  c_w.l(libinit2.o)
    0x080001a8   0x080001a8   0x00000002   Code   RO         2955    .ARM.Collect$$libshutdown$$00000000  c_w.l(libshutdown.o)
    0x080001aa   0x080001aa   0x00000000   Code   RO         2962    .ARM.Collect$$libshutdown$$00000003  c_w.l(libshutdown2.o)
    0x080001aa   0x080001aa   0x00000000   Code   RO         2965    .ARM.Collect$$libshutdown$$00000006  c_w.l(libshutdown2.o)
    0x080001aa   0x080001aa   0x00000000   Code   RO         2968    .ARM.Collect$$libshutdown$$00000009  c_w.l(libshutdown2.o)
    0x080001aa   0x080001aa   0x00000000   Code   RO         2970    .ARM.Collect$$libshutdown$$0000000B  c_w.l(libshutdown2.o)
    0x080001aa   0x080001aa   0x00000000   Code   RO         2973    .ARM.Collect$$libshutdown$$0000000E  c_w.l(libshutdown2.o)
    0x080001aa   0x080001aa   0x00000002   Code   RO         2974    .ARM.Collect$$libshutdown$$0000000F  c_w.l(libshutdown2.o)
    0x080001ac   0x080001ac   0x00000000   Code   RO         2833    .ARM.Collect$$rtentry$$00000000  c_w.l(__rtentry.o)
    0x080001ac   0x080001ac   0x00000000   Code   RO         2848    .ARM.Collect$$rtentry$$00000002  c_w.l(__rtentry2.o)
    0x080001ac   0x080001ac   0x00000006   Code   RO         2860    .ARM.Collect$$rtentry$$00000004  c_w.l(__rtentry4.o)
    0x080001b2   0x080001b2   0x00000000   Code   RO         2850    .ARM.Collect$$rtentry$$00000009  c_w.l(__rtentry2.o)
    0x080001b2   0x080001b2   0x00000004   Code   RO         2851    .ARM.Collect$$rtentry$$0000000A  c_w.l(__rtentry2.o)
    0x080001b6   0x080001b6   0x00000000   Code   RO         2853    .ARM.Collect$$rtentry$$0000000C  c_w.l(__rtentry2.o)
    0x080001b6   0x080001b6   0x00000008   Code   RO         2854    .ARM.Collect$$rtentry$$0000000D  c_w.l(__rtentry2.o)
    0x080001be   0x080001be   0x00000002   Code   RO         2921    .ARM.Collect$$rtexit$$00000000  c_w.l(rtexit.o)
    0x080001c0   0x080001c0   0x00000000   Code   RO         2930    .ARM.Collect$$rtexit$$00000002  c_w.l(rtexit2.o)
    0x080001c0   0x080001c0   0x00000004   Code   RO         2931    .ARM.Collect$$rtexit$$00000003  c_w.l(rtexit2.o)
    0x080001c4   0x080001c4   0x00000006   Code   RO         2932    .ARM.Collect$$rtexit$$00000004  c_w.l(rtexit2.o)
    0x080001ca   0x080001ca   0x00000002   PAD
    0x080001cc   0x080001cc   0x00000040   Code   RO            4    .text               startup_stm32f103xe.o
    0x0800020c   0x0800020c   0x000000fc   Code   RO         1931    .text               context_rvds.o
    0x08000308   0x08000308   0x00000048   Code   RO         2815    .text               c_w.l(strcpy.o)
    0x08000350   0x08000350   0x0000003e   Code   RO         2817    .text               c_w.l(strlen.o)
    0x0800038e   0x0800038e   0x00000096   Code   RO         2819    .text               c_w.l(strncmp.o)
    0x08000424   0x08000424   0x00000018   Code   RO         2821    .text               c_w.l(strcat.o)
    0x0800043c   0x0800043c   0x0000004e   Code   RO         2823    .text               c_w.l(rt_memclr_w.o)
    0x0800048a   0x0800048a   0x00000056   Code   RO         2825    .text               c_w.l(strncpy.o)
    0x080004e0   0x080004e0   0x00000080   Code   RO         2827    .text               c_w.l(strcmpv7m.o)
    0x08000560   0x08000560   0x00000006   Code   RO         2829    .text               c_w.l(heapauxi.o)
    0x08000566   0x08000566   0x00000044   Code   RO         2842    .text               c_w.l(rt_memclr.o)
    0x080005aa   0x080005aa   0x00000002   PAD
    0x080005ac   0x080005ac   0x00000008   Code   RO         2844    .text               c_w.l(libspace.o)
    0x080005b4   0x080005b4   0x0000004a   Code   RO         2907    .text               c_w.l(sys_stackheap_outer.o)
    0x080005fe   0x080005fe   0x0000000c   Code   RO         2909    .text               c_w.l(exit.o)
    0x0800060a   0x0800060a   0x00000002   PAD
    0x0800060c   0x0800060c   0x0000000c   Code   RO         2942    .text               c_w.l(sys_exit.o)
    0x08000618   0x08000618   0x00000002   Code   RO         2944    .text               c_w.l(use_no_semi.o)
    0x0800061a   0x0800061a   0x00000000   Code   RO         2946    .text               c_w.l(indicate_semi.o)
    0x0800061a   0x0800061a   0x0000000a   Code   RO         2035    i.$Sub$$main        components.o
    0x08000624   0x08000624   0x00000002   Code   RO          134    i.BusFault_Handler  stm32f1xx_it.o
    0x08000626   0x08000626   0x00000002   Code   RO          135    i.DebugMon_Handler  stm32f1xx_it.o
    0x08000628   0x08000628   0x000001f8   Code   RO          574    i.HAL_GPIO_Init     stm32f1xx_hal_gpio.o
    0x08000820   0x08000820   0x0000000c   Code   RO          268    i.HAL_GetTick       stm32f1xx_hal.o
    0x0800082c   0x0800082c   0x00000024   Code   RO          275    i.HAL_Init          stm32f1xx_hal.o
    0x08000850   0x08000850   0x00000040   Code   RO          276    i.HAL_InitTick      stm32f1xx_hal.o
    0x08000890   0x08000890   0x0000003c   Code   RO          185    i.HAL_MspInit       stm32f1xx_hal_msp.o
    0x080008cc   0x080008cc   0x00000040   Code   RO          740    i.HAL_NVIC_SetPriority  stm32f1xx_hal_cortex.o
    0x0800090c   0x0800090c   0x00000024   Code   RO          741    i.HAL_NVIC_SetPriorityGrouping  stm32f1xx_hal_cortex.o
    0x08000930   0x08000930   0x0000012c   Code   RO          432    i.HAL_RCC_ClockConfig  stm32f1xx_hal_rcc.o
    0x08000a5c   0x08000a5c   0x0000000c   Code   RO          437    i.HAL_RCC_GetHCLKFreq  stm32f1xx_hal_rcc.o
    0x08000a68   0x08000a68   0x00000020   Code   RO          439    i.HAL_RCC_GetPCLK1Freq  stm32f1xx_hal_rcc.o
    0x08000a88   0x08000a88   0x00000020   Code   RO          440    i.HAL_RCC_GetPCLK2Freq  stm32f1xx_hal_rcc.o
    0x08000aa8   0x08000aa8   0x0000004c   Code   RO          441    i.HAL_RCC_GetSysClockFreq  stm32f1xx_hal_rcc.o
    0x08000af4   0x08000af4   0x00000320   Code   RO          444    i.HAL_RCC_OscConfig  stm32f1xx_hal_rcc.o
    0x08000e14   0x08000e14   0x00000028   Code   RO          745    i.HAL_SYSTICK_Config  stm32f1xx_hal_cortex.o
    0x08000e3c   0x08000e3c   0x00000064   Code   RO         1300    i.HAL_UART_Init     stm32f1xx_hal_uart.o
    0x08000ea0   0x08000ea0   0x00000070   Code   RO          187    i.HAL_UART_MspInit  stm32f1xx_hal_msp.o
    0x08000f10   0x08000f10   0x000000a0   Code   RO         1308    i.HAL_UART_Transmit  stm32f1xx_hal_uart.o
    0x08000fb0   0x08000fb0   0x00000002   Code   RO          136    i.MemManage_Handler  stm32f1xx_it.o
    0x08000fb2   0x08000fb2   0x00000002   Code   RO          137    i.NMI_Handler       stm32f1xx_it.o
    0x08000fb4   0x08000fb4   0x00000012   Code   RO         2751    i.SysTick_Handler   board.o
    0x08000fc6   0x08000fc6   0x00000050   Code   RO           14    i.SystemClock_Config  main.o
    0x08001016   0x08001016   0x00000002   PAD
    0x08001018   0x08001018   0x00000068   Code   RO         1633    i.SystemCoreClockUpdate  system_stm32f1xx.o
    0x08001080   0x08001080   0x00000002   Code   RO         1634    i.SystemInit        system_stm32f1xx.o
    0x08001082   0x08001082   0x0000004e   Code   RO         1323    i.UART_EndRxTransfer  stm32f1xx_hal_uart.o
    0x080010d0   0x080010d0   0x000000b8   Code   RO         1326    i.UART_SetConfig    stm32f1xx_hal_uart.o
    0x08001188   0x08001188   0x00000072   Code   RO         1329    i.UART_WaitOnFlagUntilTimeout  stm32f1xx_hal_uart.o
    0x080011fa   0x080011fa   0x00000002   Code   RO          138    i.UsageFault_Handler  stm32f1xx_it.o
    0x080011fc   0x080011fc   0x00000020   Code   RO          747    i.__NVIC_SetPriority  stm32f1xx_hal_cortex.o
    0x0800121c   0x0800121c   0x00000044   Code   RO         2233    i.__rt_ffs          kservice.o
    0x08001260   0x08001260   0x00000080   Code   RO         1779    i._msh_exec_cmd     msh.o
    0x080012e0   0x080012e0   0x00000024   Code   RO         2483    i._scheduler_get_highest_priority_thread  scheduler.o
    0x08001304   0x08001304   0x00000038   Code   RO         2562    i._thread_exit      thread.o
    0x0800133c   0x0800133c   0x00000074   Code   RO         2563    i._thread_init      thread.o
    0x080013b0   0x080013b0   0x0000002c   Code   RO         2564    i._thread_timeout   thread.o
    0x080013dc   0x080013dc   0x00000006   Code   RO         2668    i._timer_remove     timer.o
    0x080013e2   0x080013e2   0x00000002   PAD
    0x080013e4   0x080013e4   0x000000e8   Code   RO         1935    i.bus_fault_track   cpuport.o
    0x080014cc   0x080014cc   0x00000014   Code   RO         1668    i.clear             cmd.o
    0x080014e0   0x080014e0   0x000000ec   Code   RO         1669    i.cmd_list          cmd.o
    0x080015cc   0x080015cc   0x0000004c   Code   RO         1861    i.finsh_get_prompt  shell.o
    0x08001618   0x08001618   0x00000014   Code   RO         1865    i.finsh_set_prompt_mode  shell.o
    0x0800162c   0x0800162c   0x0000000c   Code   RO         1866    i.finsh_system_function_init  shell.o
    0x08001638   0x08001638   0x00000078   Code   RO         1867    i.finsh_system_init  shell.o
    0x080016b0   0x080016b0   0x0000027c   Code   RO         1868    i.finsh_thread_entry  shell.o
    0x0800192c   0x0800192c   0x00000078   Code   RO         1936    i.hard_fault_track  cpuport.o
    0x080019a4   0x080019a4   0x00000024   Code   RO         1670    i.list_find_init    cmd.o
    0x080019c8   0x080019c8   0x00000066   Code   RO         1671    i.list_get_next     cmd.o
    0x08001a2e   0x08001a2e   0x00000002   PAD
    0x08001a30   0x08001a30   0x00000144   Code   RO         1672    i.list_sem          cmd.o
    0x08001b74   0x08001b74   0x000001bc   Code   RO         1673    i.list_thread       cmd.o
    0x08001d30   0x08001d30   0x00000184   Code   RO         1674    i.list_timer        cmd.o
    0x08001eb4   0x08001eb4   0x00000050   Code   RO           15    i.main              main.o
    0x08001f04   0x08001f04   0x0000000e   Code   RO         2036    i.main_thread_entry  components.o
    0x08001f12   0x08001f12   0x00000002   PAD
    0x08001f14   0x08001f14   0x000000d8   Code   RO         1937    i.mem_manage_fault_track  cpuport.o
    0x08001fec   0x08001fec   0x00000094   Code   RO         1780    i.msh_auto_complete  msh.o
    0x08002080   0x08002080   0x00000064   Code   RO         1781    i.msh_exec          msh.o
    0x080020e4   0x080020e4   0x00000060   Code   RO         1782    i.msh_help          msh.o
    0x08002144   0x08002144   0x000000d0   Code   RO         1783    i.msh_split         msh.o
    0x08002214   0x08002214   0x00000018   Code   RO         1675    i.object_split      cmd.o
    0x0800222c   0x0800222c   0x00000130   Code   RO         2235    i.print_number      kservice.o
    0x0800235c   0x0800235c   0x00000004   Code   RO         2752    i.reboot            board.o
    0x08002360   0x08002360   0x0000003c   Code   RO         2037    i.rt_application_init  components.o
    0x0800239c   0x0800239c   0x0000001c   Code   RO         2038    i.rt_components_board_init  components.o
    0x080023b8   0x080023b8   0x0000001c   Code   RO         2039    i.rt_components_init  components.o
    0x080023d4   0x080023d4   0x0000001c   Code   RO         2485    i.rt_enter_critical  scheduler.o
    0x080023f0   0x080023f0   0x00000038   Code   RO         2486    i.rt_exit_critical  scheduler.o
    0x08002428   0x08002428   0x00000026   Code   RO         2753    i.rt_hw_board_init  board.o
    0x0800244e   0x0800244e   0x00000002   PAD
    0x08002450   0x08002450   0x00000028   Code   RO         2754    i.rt_hw_console_getchar  board.o
    0x08002478   0x08002478   0x00000048   Code   RO         2755    i.rt_hw_console_output  board.o
    0x080024c0   0x080024c0   0x00000010   Code   RO         1938    i.rt_hw_cpu_reset   cpuport.o
    0x080024d0   0x080024d0   0x000001f8   Code   RO         1941    i.rt_hw_hard_fault_exception  cpuport.o
    0x080026c8   0x080026c8   0x00000038   Code   RO         1942    i.rt_hw_stack_init  cpuport.o
    0x08002700   0x08002700   0x0000001c   Code   RO         2206    i.rt_interrupt_enter  irq.o
    0x0800271c   0x0800271c   0x0000001c   Code   RO         2208    i.rt_interrupt_leave  irq.o
    0x08002738   0x08002738   0x0000002c   Code   RO         2239    i.rt_kprintf        kservice.o
    0x08002764   0x08002764   0x0000000e   Code   RO         2669    i.rt_list_insert_after  timer.o
    0x08002772   0x08002772   0x00000012   Code   RO         1676    i.rt_list_len       cmd.o
    0x08002784   0x08002784   0x00000012   Code   RO         2565    i.rt_list_remove    thread.o
    0x08002796   0x08002796   0x00000012   Code   RO         2670    i.rt_list_remove    timer.o
    0x080027a8   0x080027a8   0x0000004a   Code   RO         2242    i.rt_memcpy         kservice.o
    0x080027f2   0x080027f2   0x00000002   PAD
    0x080027f4   0x080027f4   0x00000032   Code   RO         2243    i.rt_memmove        kservice.o
    0x08002826   0x08002826   0x00000002   PAD
    0x08002828   0x08002828   0x00000046   Code   RO         2244    i.rt_memset         kservice.o
    0x0800286e   0x0800286e   0x00000024   Code   RO         2427    i.rt_object_detach  object.o
    0x08002892   0x08002892   0x00000002   PAD
    0x08002894   0x08002894   0x00000024   Code   RO         2429    i.rt_object_get_information  object.o
    0x080028b8   0x080028b8   0x00000052   Code   RO         2433    i.rt_object_init    object.o
    0x0800290a   0x0800290a   0x0000000e   Code   RO         2434    i.rt_object_is_systemobject  object.o
    0x08002918   0x08002918   0x000000b8   Code   RO         2487    i.rt_schedule       scheduler.o
    0x080029d0   0x080029d0   0x00000074   Code   RO         2488    i.rt_schedule_insert_thread  scheduler.o
    0x08002a44   0x08002a44   0x00000048   Code   RO         2489    i.rt_schedule_remove_thread  scheduler.o
    0x08002a8c   0x08002a8c   0x00000024   Code   RO         2155    i.rt_sem_init       ipc.o
    0x08002ab0   0x08002ab0   0x000000c4   Code   RO         2246    i.rt_show_version   kservice.o
    0x08002b74   0x08002b74   0x00000012   Code   RO         2248    i.rt_sprintf        kservice.o
    0x08002b86   0x08002b86   0x00000002   PAD
    0x08002b88   0x08002b88   0x0000001c   Code   RO         2252    i.rt_strerror       kservice.o
    0x08002ba4   0x08002ba4   0x00000010   Code   RO         2253    i.rt_strlen         kservice.o
    0x08002bb4   0x08002bb4   0x00000026   Code   RO         2255    i.rt_strncpy        kservice.o
    0x08002bda   0x08002bda   0x00000002   PAD
    0x08002bdc   0x08002bdc   0x00000028   Code   RO         2490    i.rt_system_scheduler_init  scheduler.o
    0x08002c04   0x08002c04   0x00000028   Code   RO         2491    i.rt_system_scheduler_start  scheduler.o
    0x08002c2c   0x08002c2c   0x0000000c   Code   RO         2671    i.rt_system_timer_init  timer.o
    0x08002c38   0x08002c38   0x00000002   Code   RO         2672    i.rt_system_timer_thread_init  timer.o
    0x08002c3a   0x08002c3a   0x00000002   PAD
    0x08002c3c   0x08002c3c   0x00000030   Code   RO         2110    i.rt_thread_defunct_dequeue  idle.o
    0x08002c6c   0x08002c6c   0x00000018   Code   RO         2111    i.rt_thread_defunct_enqueue  idle.o
    0x08002c84   0x08002c84   0x00000022   Code   RO         2112    i.rt_thread_idle_entry  idle.o
    0x08002ca6   0x08002ca6   0x00000002   PAD
    0x08002ca8   0x08002ca8   0x00000044   Code   RO         2114    i.rt_thread_idle_init  idle.o
    0x08002cec   0x08002cec   0x00000030   Code   RO         2571    i.rt_thread_init    thread.o
    0x08002d1c   0x08002d1c   0x0000000e   Code   RO         2572    i.rt_thread_mdelay  thread.o
    0x08002d2a   0x08002d2a   0x0000003c   Code   RO         2573    i.rt_thread_resume  thread.o
    0x08002d66   0x08002d66   0x00000002   PAD
    0x08002d68   0x08002d68   0x0000000c   Code   RO         2574    i.rt_thread_self    thread.o
    0x08002d74   0x08002d74   0x00000044   Code   RO         2575    i.rt_thread_sleep   thread.o
    0x08002db8   0x08002db8   0x00000028   Code   RO         2576    i.rt_thread_startup  thread.o
    0x08002de0   0x08002de0   0x00000046   Code   RO         2577    i.rt_thread_suspend  thread.o
    0x08002e26   0x08002e26   0x00000032   Code   RO         1997    i.rt_tick_from_millisecond  clock.o
    0x08002e58   0x08002e58   0x0000000c   Code   RO         1998    i.rt_tick_get       clock.o
    0x08002e64   0x08002e64   0x00000048   Code   RO         2000    i.rt_tick_increase  clock.o
    0x08002eac   0x08002eac   0x0000008c   Code   RO         2673    i.rt_timer_check    timer.o
    0x08002f38   0x08002f38   0x0000004c   Code   RO         2674    i.rt_timer_control  timer.o
    0x08002f84   0x08002f84   0x00000028   Code   RO         2675    i.rt_timer_detach   timer.o
    0x08002fac   0x08002fac   0x00000030   Code   RO         2676    i.rt_timer_init     timer.o
    0x08002fdc   0x08002fdc   0x00000084   Code   RO         2678    i.rt_timer_start    timer.o
    0x08003060   0x08003060   0x0000002e   Code   RO         2679    i.rt_timer_stop     timer.o
    0x0800308e   0x0800308e   0x00000002   PAD
    0x08003090   0x08003090   0x00000284   Code   RO         2258    i.rt_vsnprintf      kservice.o
    0x08003314   0x08003314   0x00000010   Code   RO         2259    i.rt_vsprintf       kservice.o
    0x08003324   0x08003324   0x00000004   Code   RO         2040    i.rti_board_end     components.o
    0x08003328   0x08003328   0x00000004   Code   RO         2041    i.rti_board_start   components.o
    0x0800332c   0x0800332c   0x00000004   Code   RO         2042    i.rti_end           components.o
    0x08003330   0x08003330   0x00000004   Code   RO         2043    i.rti_start         components.o
    0x08003334   0x08003334   0x0000002a   Code   RO         2044    i.rtthread_startup  components.o
    0x0800335e   0x0800335e   0x00000028   Code   RO         2260    i.skip_atoi         kservice.o
    0x08003386   0x08003386   0x00000002   PAD
    0x08003388   0x08003388   0x00000034   Code   RO         2756    i.uart_init         board.o
    0x080033bc   0x080033bc   0x000000d0   Code   RO         1943    i.usage_fault_track  cpuport.o
    0x0800348c   0x0800348c   0x0000000a   Code   RO         1677    i.version           cmd.o
    0x08003496   0x08003496   0x00000012   Data   RO          445    .constdata          stm32f1xx_hal_rcc.o
    0x080034a8   0x080034a8   0x00000010   Data   RO         1635    .constdata          system_stm32f1xx.o
    0x080034b8   0x080034b8   0x00000008   Data   RO         1636    .constdata          system_stm32f1xx.o
    0x080034c0   0x080034c0   0x00000122   Data   RO         2262    .constdata          kservice.o
    0x080035e2   0x080035e2   0x00000002   PAD
    0x080035e4   0x080035e4   0x00000044   Data   RO         1678    .conststring        cmd.o
    0x08003628   0x08003628   0x00000058   Data   RO         2263    .conststring        kservice.o
    0x08003680   0x08003680   0x00000006   Data   RO         1679    .rodata.name        cmd.o
    0x08003686   0x08003686   0x0000001a   Data   RO         1680    .rodata.name        cmd.o
    0x080036a0   0x080036a0   0x00000008   Data   RO         1681    .rodata.name        cmd.o
    0x080036a8   0x080036a8   0x00000023   Data   RO         1682    .rodata.name        cmd.o
    0x080036cb   0x080036cb   0x0000000c   Data   RO         1683    .rodata.name        cmd.o
    0x080036d7   0x080036d7   0x0000000c   Data   RO         1684    .rodata.name        cmd.o
    0x080036e3   0x080036e3   0x00000009   Data   RO         1685    .rodata.name        cmd.o
    0x080036ec   0x080036ec   0x00000019   Data   RO         1686    .rodata.name        cmd.o
    0x08003705   0x08003705   0x0000000b   Data   RO         1687    .rodata.name        cmd.o
    0x08003710   0x08003710   0x00000015   Data   RO         1688    .rodata.name        cmd.o
    0x08003725   0x08003725   0x00000005   Data   RO         1689    .rodata.name        cmd.o
    0x0800372a   0x0800372a   0x0000000d   Data   RO         1690    .rodata.name        cmd.o
    0x08003737   0x08003737   0x00000005   Data   RO         1784    .rodata.name        msh.o
    0x0800373c   0x0800373c   0x00000016   Data   RO         1785    .rodata.name        msh.o
    0x08003752   0x08003752   0x00000007   Data   RO         2758    .rodata.name        board.o
    0x08003759   0x08003759   0x0000000e   Data   RO         2759    .rodata.name        board.o
    0x08003767   0x08003767   0x00000001   PAD
    0x08003768   0x08003768   0x00000004   Data   RO         2046    .rti_fn.0           components.o
    0x0800376c   0x0800376c   0x00000004   Data   RO         2047    .rti_fn.0.end       components.o
    0x08003770   0x08003770   0x00000004   Data   RO         2760    .rti_fn.1           board.o
    0x08003774   0x08003774   0x00000004   Data   RO         2048    .rti_fn.1.end       components.o
    0x08003778   0x08003778   0x00000004   Data   RO         1871    .rti_fn.6           shell.o
    0x0800377c   0x0800377c   0x00000004   Data   RO         2049    .rti_fn.6.end       components.o
    0x08003780   0x08003780   0x00000048   Data   RO         1691    FSymTab             cmd.o
    0x080037c8   0x080037c8   0x0000000c   Data   RO         1786    FSymTab             msh.o
    0x080037d4   0x080037d4   0x0000000c   Data   RO         2761    FSymTab             board.o
    0x080037e0   0x080037e0   0x00000020   Data   RO         2995    Region$$Table       anon$$obj.o


    Execution Region RW_IRAM1 (Exec base: 0x20000000, Load base: 0x08003800, Size: 0x00001410, Max: 0x00010000, ABSOLUTE)

    Exec Addr    Load Addr    Size         Type   Attr      Idx    E Section Name        Object

    0x20000000   0x08003800   0x0000000c   Data   RW          282    .data               stm32f1xx_hal.o
    0x2000000c   0x0800380c   0x00000004   Data   RW         1637    .data               system_stm32f1xx.o
    0x20000010   0x08003810   0x00000010   Data   RW         1870    .data               shell.o
    0x20000020   0x08003820   0x00000004   Data   RW         1944    .data               cpuport.o
    0x20000024   0x08003824   0x00000004   Data   RW         1945    .data               cpuport.o
    0x20000028   0x08003828   0x00000004   Data   RW         1946    .data               cpuport.o
    0x2000002c   0x0800382c   0x00000004   Data   RW         1947    .data               cpuport.o
    0x20000030   0x08003830   0x00000004   Data   RW         2002    .data               clock.o
    0x20000034   0x08003834   0x00000008   Data   RW         2116    .data               idle.o
    0x2000003c   0x0800383c   0x00000001   Data   RW         2209    .data               irq.o
    0x2000003d   0x0800383d   0x00000003   PAD
    0x20000040   0x08003840   0x00000034   Data   RW         2264    .data               kservice.o
    0x20000074   0x08003874   0x00000030   Data   RW         2435    .data               object.o
    0x200000a4   0x080038a4   0x0000000c   Data   RW         2493    .data               scheduler.o
    0x200000b0   0x080038b0   0x0000000c   Data   RW         2680    .data               timer.o
    0x200000bc        -       0x00000048   Zero   RW           16    .bss                main.o
    0x20000104        -       0x00000574   Zero   RW         1869    .bss                shell.o
    0x20000678        -       0x00000478   Zero   RW         2045    .bss                components.o
    0x20000af0        -       0x000000f8   Zero   RW         2115    .bss                idle.o
    0x20000be8        -       0x00000080   Zero   RW         2261    .bss                kservice.o
    0x20000c68        -       0x00000100   Zero   RW         2492    .bss                scheduler.o
    0x20000d68        -       0x00000048   Zero   RW         2757    .bss                board.o
    0x20000db0        -       0x00000060   Zero   RW         2845    .bss                c_w.l(libspace.o)
    0x20000e10        -       0x00000200   Zero   RW            2    HEAP                startup_stm32f103xe.o
    0x20001010        -       0x00000400   Zero   RW            1    STACK               startup_stm32f103xe.o


==============================================================================

Image component sizes


      Code (inc. data)   RO Data    RW Data    ZI Data      Debug   Object Name

       224         22         37          0         72       4874   board.o
       134         10          0          4          0       2536   clock.o
      1602        662        323          0          0      19626   cmd.o
       198         32         16          0       1144       6688   components.o
       252         28          0          0          0        864   context_rvds.o
      1352        726          0         16          0       6500   cpuport.o
       174         26          0          8        248       6234   idle.o
        36          0          0          0          0       4450   ipc.o
        56         12          0          1          0       2006   irq.o
      1606        186        378         52        128      12478   kservice.o
       160         12          0          0         72     455437   main.o
       680        134         39          0          0       6306   msh.o
       168          6          0         48          0       4216   object.o
       572         58          0         12        256       9608   scheduler.o
       864        106          4         16       1396       6487   shell.o
        64         26        304          0       1536        812   startup_stm32f103xe.o
       112         20          0         12          0       5399   stm32f1xx_hal.o
       172         14          0          0          0      27978   stm32f1xx_hal_cortex.o
       504         42          0          0          0       2016   stm32f1xx_hal_gpio.o
       172         20          0          0          0       1545   stm32f1xx_hal_msp.o
      1252         90         18          0          0       5308   stm32f1xx_hal_rcc.o
       636          6          0          0          0       4124   stm32f1xx_hal_uart.o
        10          0          0          0          0       2161   stm32f1xx_it.o
       106         22         24          4          0       1727   system_stm32f1xx.o
       546         28          0          0          0      10578   thread.o
       534         20          0         12          0      11084   timer.o

    ----------------------------------------------------------------------
     12216       2308       1178        188       4852     621042   Object Totals
         0          0         32          0          0          0   (incl. Generated)
        30          0          3          3          0          0   (incl. Padding)

    ----------------------------------------------------------------------

      Code (inc. data)   RO Data    RW Data    ZI Data      Debug   Library Member Name

         8          0          0          0          0         68   __main.o
         0          0          0          0          0          0   __rtentry.o
        12          0          0          0          0          0   __rtentry2.o
         6          0          0          0          0          0   __rtentry4.o
        52          8          0          0          0          0   __scatter.o
        26          0          0          0          0          0   __scatter_copy.o
        28          0          0          0          0          0   __scatter_zi.o
        12          0          0          0          0         72   exit.o
         6          0          0          0          0        152   heapauxi.o
         0          0          0          0          0          0   indicate_semi.o
         2          0          0          0          0          0   libinit.o
         2          0          0          0          0          0   libinit2.o
         2          0          0          0          0          0   libshutdown.o
         2          0          0          0          0          0   libshutdown2.o
         8          4          0          0         96         68   libspace.o
        68          0          0          0          0         68   rt_memclr.o
        78          0          0          0          0         80   rt_memclr_w.o
         2          0          0          0          0          0   rtexit.o
        10          0          0          0          0          0   rtexit2.o
        24          0          0          0          0         68   strcat.o
       128          0          0          0          0         68   strcmpv7m.o
        72          0          0          0          0         80   strcpy.o
        62          0          0          0          0         76   strlen.o
       150          0          0          0          0         80   strncmp.o
        86          0          0          0          0         76   strncpy.o
        12          4          0          0          0         68   sys_exit.o
        74          0          0          0          0         80   sys_stackheap_outer.o
         2          0          0          0          0         68   use_no_semi.o

    ----------------------------------------------------------------------
       942         16          0          0         96       1172   Library Totals
         8          0          0          0          0          0   (incl. Padding)

    ----------------------------------------------------------------------

      Code (inc. data)   RO Data    RW Data    ZI Data      Debug   Library Name

       934         16          0          0         96       1172   c_w.l

    ----------------------------------------------------------------------
       942         16          0          0         96       1172   Library Totals

    ----------------------------------------------------------------------

==============================================================================


      Code (inc. data)   RO Data    RW Data    ZI Data      Debug   

     13158       2324       1178        188       4948     615086   Grand Totals
     13158       2324       1178        188       4948     615086   ELF Image Totals
     13158       2324       1178        188          0          0   ROM Totals

==============================================================================

    Total RO  Size (Code + RO Data)                14336 (  14.00kB)
    Total RW  Size (RW Data + ZI Data)              5136 (   5.02kB)
    Total ROM Size (Code + RO Data + RW Data)      14524 (  14.18kB)

==============================================================================

